******************************************************************************
                  TI ARM Linker PC v20.2.1                     
******************************************************************************
>> Linked Sat Nov 14 23:24:17 2020

OUTPUT FILE NAME:   <CC1352 DA4.out>
ENTRY POINT SYMBOL: "ResetISR"  address: 00002e4d


MEMORY CONFIGURATION

         name            origin    length      used     unused   attr    fill
----------------------  --------  ---------  --------  --------  ----  --------
  FLASH                 00000000   00058000  000054c3  00052b3d  R  X
  GPRAM                 11000000   00002000  00000000  00002000  RW X
  SRAM                  20000000   00014000  00005c36  0000e3ca  RW X
  LOG_DATA              90000000   00040000  00000000  00040000  R   


SEGMENT ALLOCATION MAP

run origin  load origin   length   init length attrs members
----------  ----------- ---------- ----------- ----- -------
00000000    00000000    00005470   00005470    r-x
  00000000    00000000    0000003c   0000003c    r-- .resetVecs
  0000003c    0000003c    00000004   00000004    r-- .const.1
  00000040    00000040    00004a90   00004a90    r-x .text
  00004ad0    00004ad0    00000793   00000793    r-- .const.2
  00005268    00005268    00000208   00000208    r-- .cinit
00057fa8    00057fa8    00000058   00000058    r--
  00057fa8    00057fa8    00000058   00000058    r-- .ccfg
20000100    20000100    0000000c   00000000    rw-
  20000100    20000100    00000004   00000000    rw- .data:xdcRomConstPtr
  20000104    20000104    00000004   00000000    rw- .data:xdcRomExternFuncPtr
  20000108    20000108    00000004   00000000    rw- .data:xdcRomStatePtr
20000110    20000110    00004000   00000000    r--
  20000110    20000110    00004000   00000000    r-- .priheap
20004110    20004110    00001757   00000000    rw-
  20004110    20004110    0000114b   00000000    rw- .bss
  20005260    20005260    00000607   00000000    rw- .data
20013c00    20013c00    00000400   00000000    rw-
  20013c00    20013c00    00000400   00000000    rw- .stack


SECTION ALLOCATION MAP

 output                                  attributes/
section   page    origin      length       input sections
--------  ----  ----------  ----------   ----------------
.binit     0    00000000    00000000     

.cinit     0    00005268    00000208     
                  00005268    000001b4     (.cinit..data.load) [load image, compression = lzss]
                  0000541c    0000000c     (__TI_handler_table)
                  00005428    00000008     (.cinit..bss.load) [load image, compression = zero_init]
                  00005430    00000008     (.cinit..data:xdcRomConstPtr.load) [load image, compression = lzss]
                  00005438    00000008     (.cinit..data:xdcRomExternFuncPtr.load) [load image, compression = lzss]
                  00005440    00000008     (.cinit..data:xdcRomStatePtr.load) [load image, compression = lzss]
                  00005448    00000028     (__TI_cinit_table)

.init_array 
*          0    00000000    00000000     UNINITIALIZED

.ccfg      0    00057fa8    00000058     
                  00057fa8    00000058     ti_devices_config.obj (.ccfg:retain)

.bss       0    20004110    0000114b     UNINITIALIZED
                  20004110    00000800     asng_taskt04_pem4f.oem4f (.bss:taskStackSection)
                  20004910    00000200     (.common:xdc_runtime_SysMin_Module_State_0_outbuf__A)
                  20004b10    000001b4     (.common:uartCC26XXObjects)
                  20004cc4    00000120     rtsv7M4_T_le_v4SPD16_eabi.lib : trgmsg.c.obj (.bss:_CIOBUF_)
                  20004de4    000000d8     (.common:ti_sysbios_family_arm_m3_Hwi_dispatchTable)
                  20004ebc    00000098     (.common:gptimerCC26XXObjects)
                  20004f54    0000007c     (.common:pinHandleTable)
                  20004fd0    00000068     (.common:timerCC26XXObjects)
                  20005038    00000050     drivers_cc13x2.a : ADCCC26XX.oem4f (.bss:adcSemaphore)
                  20005088    00000050                      : PINCC26XX.oem4f (.bss:pinSemaphore)
                  200050d8    00000034                      : PINCC26XX.oem4f (.bss:pinSwi)
                  2000510c    00000020                      : GPIOCC26XX.oem4f (.bss:gpioCallbackInfo)
                  2000512c    00000020                      : PINCC26XX.oem4f (.bss:pinGpioConfigTable)
                  2000514c    00000020     ti_drivers_config.obj (.bss:uartCC26XXRingBuffer0)
                  2000516c    00000020     (.common:pwmTimerCC26XXObjects)
                  2000518c    0000001c     drivers_cc13x2.a : PINCC26XX.oem4f (.bss:pinHwi)
                  200051a8    0000001c     (.common:semStruct)
                  200051c4    0000001c     (.common:semStruct2)
                  200051e0    0000001c     (.common:semStruct3)
                  200051fc    00000014     (.common:adcCC26xxObjects)
                  20005210    0000000c                      : GPIOCC26XX.oem4f (.bss:gpioPinState)
                  2000521c    0000000c                      : PWMTimerCC26XX.oem4f (.bss:pinState)
                  20005228    00000008                      : GPIOCC26XX.oem4f (.bss)
                  20005230    00000008     (.common:parmbuf)
                  20005238    00000004                      : PINCC26XX.oem4f (.bss)
                  2000523c    00000004     (.common:PowerCC26XX_swiKey)
                  20005240    00000004     (.common:PowerCC26XX_taskKey)
                  20005244    00000004     (.common:dutyCycle)
                  20005248    00000004     (.common:res)
                  2000524c    00000004     (.common:semHandle)
                  20005250    00000004     (.common:semHandle2)
                  20005254    00000004     (.common:semHandle3)
                  20005258    00000002     (.common:adc_value)
                  2000525a    00000001     (.common:driverlib_release_0_58048)

.data      0    20005260    00000607     UNINITIALIZED
                  20005260    00000170     drivers_cc13x2.a : PowerCC26X2.oem4f (.data:PowerCC26X2_module)
                  200053d0    00000130     asng_taskt04_pem4f.oem4f (.data:ti_sysbios_knl_Task_Object__table__V)
                  20005500    0000010c     asng_taskt04_pem4f.oem4f (.data:ROM_stateStruct)
                  2000560c    00000004     drivers_cc13x2.a : PWMTimerCC26XX.oem4f (.data)
                  20005610    00000048     asng_taskt04_pem4f.oem4f (.data:ti_sysbios_family_arm_cc26xx_Timer_Object__table__V)
                  20005658    00000038     asng_taskt04_pem4f.oem4f (.data:ti_sysbios_gates_GateMutex_Object__table__V)
                  20005690    00000030     asng_taskt04_pem4f.oem4f (.data:ti_sysbios_knl_Swi_Module_State_0_readyQ__A)
                  200056c0    00000030     asng_taskt04_pem4f.oem4f (.data:ti_sysbios_knl_Swi_Object__table__V)
                  200056f0    00000024     driverlib.lib : osc.obj (.data:$O1$$)
                  20005714    00000020     asng_taskt04_pem4f.oem4f (.data:ti_sysbios_knl_Clock_Object__table__V)
                  20005734    00000020     asng_taskt04_pem4f.oem4f (.data:ti_sysbios_knl_Task_Module_State_0_readyQ__A)
                  20005754    00000020     asng_taskt04_pem4f.oem4f (.data:xdc_runtime_Error_IgnoreBlock)
                  20005774    00000018     asng_taskt04_pem4f.oem4f (.data:ti_sysbios_family_arm_m3_Hwi_Object__table__V)
                  2000578c    00000018     asng_taskt04_pem4f.oem4f (.data:ti_sysbios_heaps_HeapMem_Object__table__V)
                  200057a4    0000000e     asng_taskt04.obj (.data:uart_val)
                  200057b2    00000002     drivers_cc13x2.a : ADCCC26XX.oem4f (.data)
                  200057b4    0000000c     asng_taskt04_pem4f.oem4f (.data:xdc_runtime_SysMin_Module__state__V)
                  200057c0    00000008     rtsv7M4_T_le_v4SPD16_eabi.lib : _lock.c.obj (.data:$O1$$)
                  200057c8    00000008     asng_taskt04.obj (.data)
                  200057d0    00000008     drivers_cc13x2.a : PINCC26XX.oem4f (.data)
                  200057d8    00000008     asng_taskt04_pem4f.oem4f (.data:ti_sysbios_family_arm_m3_Hwi_Module__root__V)
                  200057e0    00000008     asng_taskt04_pem4f.oem4f (.data:ti_sysbios_gates_GateHwi_Module__root__V)
                  200057e8    00000008     asng_taskt04_pem4f.oem4f (.data:ti_sysbios_gates_GateMutex_Module__root__V)
                  200057f0    00000008     asng_taskt04_pem4f.oem4f (.data:ti_sysbios_hal_Hwi_Module__root__V)
                  200057f8    00000008     asng_taskt04_pem4f.oem4f (.data:ti_sysbios_heaps_HeapMem_Module__root__V)
                  20005800    00000008     asng_taskt04_pem4f.oem4f (.data:ti_sysbios_knl_Clock_Module__root__V)
                  20005808    00000008     asng_taskt04_pem4f.oem4f (.data:ti_sysbios_knl_Event_Module__root__V)
                  20005810    00000008     asng_taskt04_pem4f.oem4f (.data:ti_sysbios_knl_Mailbox_Module__root__V)
                  20005818    00000008     asng_taskt04_pem4f.oem4f (.data:ti_sysbios_knl_Queue_Module__root__V)
                  20005820    00000008     asng_taskt04_pem4f.oem4f (.data:ti_sysbios_knl_Semaphore_Module__root__V)
                  20005828    00000008     asng_taskt04_pem4f.oem4f (.data:ti_sysbios_knl_Swi_Module__root__V)
                  20005830    00000008     asng_taskt04_pem4f.oem4f (.data:ti_sysbios_knl_Task_Module__root__V)
                  20005838    00000008     asng_taskt04_pem4f.oem4f (.data:xdc_runtime_System_Module_State_0_atexitHandlers__A)
                  20005840    00000005     drivers_cc13x2.a : GPIOCC26XX.oem4f (.data)
                  20005845    00000001                      : ADC.oem4f (.data)
                  20005846    00000002     asng_taskt04_pem4f.oem4f (.data:ti_sysbios_family_arm_m3_Hwi_Module_State_0_excActive__A)
                  20005848    00000004     ti_drivers_config.obj (.data:gpioCallbackFunctions)
                  2000584c    00000004     ti_drivers_config.obj (.data:gpioPinConfigs)
                  20005850    00000004     drivers_cc13x2.a : GPIOCC26XX.oem4f (.data:gpioPinTable)
                  20005854    00000004     rtsv7M4_T_le_v4SPD16_eabi.lib : stkdepth_vars.c.obj (.data)
                  20005858    00000004     asng_taskt04_pem4f.oem4f (.data:ti_sysbios_family_arm_m3_Hwi_Module_State_0_excContext__A)
                  2000585c    00000004     asng_taskt04_pem4f.oem4f (.data:ti_sysbios_family_arm_m3_Hwi_Module_State_0_excStack__A)
                  20005860    00000004     asng_taskt04_pem4f.oem4f (.data:ti_sysbios_knl_Task_Module_State_0_idleTask__A)
                  20005864    00000001     drivers_cc13x2.a : PWM.oem4f (.data)
                  20005865    00000001                      : Timer.oem4f (.data)
                  20005866    00000001                      : UART.oem4f (.data)

.stack     0    20013c00    00000400     UNINITIALIZED
                  20013c00    00000400     --HOLE--

.priheap   0    20000110    00004000     UNINITIALIZED
                  20000110    00004000     --HOLE--

.log_data 
*          0    90000000    00000000     COPY SECTION

.data:xdcRomConstPtr 
*          0    20000100    00000004     UNINITIALIZED
                  20000100    00000004     asng_taskt04_pem4f.oem4f (.data:xdcRomConstPtr)

.data:xdcRomExternFuncPtr 
*          0    20000104    00000004     UNINITIALIZED
                  20000104    00000004     asng_taskt04_pem4f.oem4f (.data:xdcRomExternFuncPtr)

.data:xdcRomStatePtr 
*          0    20000108    00000004     UNINITIALIZED
                  20000108    00000004     asng_taskt04_pem4f.oem4f (.data:xdcRomStatePtr)

.bootVecs 
*          0    00000000    00000008     DSECT
                  00000000    00000008     boot.aem4f : boot.oem4f (.bootVecs)

.resetVecs 
*          0    00000000    0000003c     
                  00000000    0000003c     asng_taskt04_pem4f.oem4f (.resetVecs)

.vecs      0    20000000    000000d8     NOLOAD SECTION
                  20000000    000000d8     asng_taskt04_pem4f.oem4f (.vecs)

xdc.meta   0    00000000    000000ea     COPY SECTION
                  00000000    000000ea     asng_taskt04_pem4f.oem4f (xdc.meta)

xdc.noload 
*          0    00000000    00000000     COPY SECTION

__llvm_prf_cnts 
*          0    20000000    00000000     UNINITIALIZED

.const.1   0    0000003c    00000004     
                  0000003c    00000004     asng_taskt04_pem4f.oem4f (.const:ti_sysbios_heaps_HeapMem_primaryHeapBaseAddr__C)

.text      0    00000040    00004a90     
                  00000040    000001cc     drivers_cc13x2.a : PINCC26XX.oem4f (.text:PIN_init)
                  0000020c    00000198                      : PowerCC26X2.oem4f (.text:Power_sleep)
                  000003a4    00000190                      : PowerCC26X2_calibrateRCOSC.oem4f (.text:calibrateRcoscHf1)
                  00000534    0000018c                      : PowerCC26X2_calibrateRCOSC.oem4f (.text:runCalibrateFsm)
                  000006c0    00000174                      : PowerCC26X2.oem4f (.text:Power_init)
                  00000834    00000164                      : UARTCC26XX.oem4f (.text:UARTCC26XX_open)
                  00000998    00000154                      : UARTCC26XX.oem4f (.text:UARTCC26XX_hwiIntFxn)
                  00000aec    0000013a                      : UARTCC26XX.oem4f (.text:UARTCC26XX_read)
                  00000c26    00000002     ti_drivers_config.obj (.text:Board_initHook)
                  00000c28    00000120     drivers_cc13x2.a : PowerCC26X2.oem4f (.text:configureXOSCHF)
                  00000d48    00000110                      : GPIOCC26XX.oem4f (.text:GPIO_setConfig)
                  00000e58    00000106     asng_taskt04_pem4f.oem4f (.text:xdc_runtime_System_printfExtend__I)
                  00000f5e    00000002     drivers_cc13x2.a : PWMTimerCC26XX.oem4f (.text:PWMTimerCC26XX_init)
                  00000f60    00000104     asng_taskt04.obj (.text:main)
                  00001064    000000f8     driverlib.lib : sys_ctrl.obj (.text:NOROM_SysCtrlStandby)
                  0000115c    000000f8     drivers_cc13x2.a : PINCC26XX.oem4f (.text:PINCC26XX_setIoCfg)
                  00001254    000000f0                      : ADCCC26XX.oem4f (.text:ADCCC26XX_convert)
                  00001344    000000e0                      : UARTCC26XX.oem4f (.text:UARTCC26XX_write)
                  00001424    000000dc                      : PWMTimerCC26XX.oem4f (.text:PWMTimerCC26XX_open)
                  00001500    000000dc                      : TimerCC26XX.oem4f (.text:TimerCC26XX_open)
                  000015dc    000000c8     dpl_cc13x2.a : PowerCC26X2_tirtos.oem4f (.text:PowerCC26XX_standbyPolicy)
                  000016a4    000000c4     drivers_cc13x2.a : GPIOCC26XX.oem4f (.text:GPIO_init)
                  00001768    000000c0                      : PowerCC26X2.oem4f (.text:Power_releaseDependency)
                  00001828    000000c0                      : UARTCC26XX.oem4f (.text:UARTCC26XX_initIO)
                  000018e8    000000b8                      : PowerCC26X2.oem4f (.text:Power_setDependency)
                  000019a0    000000b8                      : UARTCC26XX.oem4f (.text:UARTCC26XX_initHw)
                  00001a58    000000ac                      : PINCC26XX.oem4f (.text:PIN_open)
                  00001b04    000000ac     driverlib.lib : setup.obj (.text:TrimAfterColdResetWakeupFromShutDown)
                  00001bb0    000000a0     auto_init.aem4f : auto_init.oem4f (.text)
                  00001c50    0000009c     drivers_cc13x2.a : PWMTimerCC26XX.oem4f (.text:PWMTimerCC26XX_setDutyAndPeriod)
                  00001cec    0000009c     rtsv7M4_T_le_v4SPD16_eabi.lib : memcpy_t2.asm.obj (.text)
                  00001d88    00000098     driverlib.lib : setup.obj (.text:NOROM_SetupTrimDevice)
                  00001e20    00000098     drivers_cc13x2.a : UARTCC26XX.oem4f (.text:writeTxFifoFlush)
                  00001eb8    00000096     rtsv7M4_T_le_v4SPD16_eabi.lib : ull_div_t2.asm.obj (.text)
                  00001f4e    00000092     drivers_cc13x2.a : UARTCC26XX.oem4f (.text:UARTCC26XX_writeCancel)
                  00001fe0    00000088                      : GPTimerCC26XX.oem4f (.text:GPTimerCC26XX_open)
                  00002068    00000088     driverlib.lib : osc.obj (.text:NOROM_OSCHF_AttemptToSwitchToXosc)
                  000020f0    00000088     drivers_cc13x2.a : PowerCC26X2_calibrateRCOSC.oem4f (.text:calibrateRcoscHf2)
                  00002178    00000088                      : PowerCC26X2.oem4f (.text:disableLFClockQualifiers)
                  00002200    00000088                      : PowerCC26X2_calibrateRCOSC.oem4f (.text:updateSubSecInc)
                  00002288    00000084     ti_drivers_config.obj (.text:Board_sendExtFlashByte)
                  0000230c    00000084     drivers_cc13x2.a : UARTCC26XX.oem4f (.text:UARTCC26XX_close)
                  00002390    00000084     asng_taskt04.obj (.text:uartDisplay)
                  00002414    00000080     driverlib.lib : sys_ctrl.obj (.text:NOROM_SysCtrlSetRechargeBeforePowerDown)
                  00002494    00000080     rom_sysbios.aem4f : rom_sysbios.obj (.text:ti_sysbios_family_arm_cc26xx_Timer_start__E)
                  00002514    0000007c     asng_taskt04.obj (.text:switchDisplay)
                  00002590    0000007a     rtsv7M4_T_le_v4SPD16_eabi.lib : memset_t2.asm.obj (.text)
                  0000260a    00000002     drivers_cc13x2.a : TimerCC26XX.oem4f (.text:TimerCC26XX_init)
                  0000260c    00000074                      : ADCCC26XX.oem4f (.text:ADCCC26XX_open)
                  00002680    00000074                      : GPTimerCC26XX.oem4f (.text:GPTimerCC26XX_resetHw)
                  000026f4    00000074                      : PowerCC26X2_calibrateRCOSC.oem4f (.text:PowerCC26X2_auxISR)
                  00002768    00000070                      : ADCCC26XX.oem4f (.text:ADCCC26XX_convertToMicroVolts)
                  000027d8    00000070                      : PINCC26XX.oem4f (.text:PIN_add)
                  00002848    0000006d     rom_sysbios.aem4f : rom_sysbios.obj (.text:xdc_runtime_System_formatNum__I)
                  000028b5    00000001     --HOLE-- [fill = 0]
                  000028b6    00000002     rtsv7M4_T_le_v4SPD16_eabi.lib : _lock.c.obj (.text:_nop)
                  000028b8    0000006c     driverlib.lib : chipinfo.obj (.text:NOROM_ChipInfo_GetChipType)
                  00002924    00000068                   : osc.obj (.text:NOROM_OSCHF_SwitchToRcOscTurnOffXosc)
                  0000298c    00000068     rtsv7M4_T_le_v4SPD16_eabi.lib : copy_decompress_lzss.c.obj (.text:decompress:lzss:__TI_decompress_lzss)
                  000029f4    00000064     drivers_cc13x2.a : UARTCC26XX.oem4f (.text:UARTCC26XX_control)
                  00002a58    00000064     rom_sysbios.aem4f : rom_sysbios.obj (.text:ti_sysbios_heaps_HeapMem_initPrimary__I)
                  00002abc    00000062     drivers_cc13x2.a : UARTCC26XX.oem4f (.text:UARTCC26XX_swiIntFxn)
                  00002b1e    00000002                      : PowerCC26X2.oem4f (.text:emptyClockFunc)
                  00002b20    0000005c                      : PINCC26XX.oem4f (.text:PIN_remove)
                  00002b7c    0000005c                      : PWMTimerCC26XX.oem4f (.text:PWMTimerCC26XX_setPeriod)
                  00002bd8    0000005c                      : TimerCC26XX.oem4f (.text:TimerCC26XX_setPeriod)
                  00002c34    0000005c                      : UARTCC26XX.oem4f (.text:startTxFifoEmptyClk)
                  00002c90    0000005c     asng_taskt04_pem4f.oem4f (.text:xdc_runtime_Startup_getState__I)
                  00002cec    00000058     drivers_cc13x2.a : GPTimerCC26XX.oem4f (.text:GPTimerCC26XX_stop)
                  00002d44    00000058     rtsv7M4_T_le_v4SPD16_eabi.lib : hostwrite.c.obj (.text:HOSTwrite)
                  00002d9c    00000058     drivers_cc13x2.a : PowerCC26X2_calibrateRCOSC.oem4f (.text:PowerCC26X2_initiateCalibration)
                  00002df4    00000058     asng_taskt04.obj (.text:adcRead)
                  00002e4c    00000058     boot.aem4f : boot.oem4f (.text)
                  00002ea4    00000058     asng_taskt04.obj (.text:timerCallback)
                  00002efc    00000054     driverlib.lib : prcm.obj (.text:NOROM_PRCMPowerDomainsAllOff)
                  00002f50    00000054     dpl_cc13x2.a : SwiP_tirtos.oem4f (.text:SwiP_construct)
                  00002fa4    00000050     drivers_cc13x2.a : GPTimerCC26XX.oem4f (.text:GPTimerCC26XX_registerInterrupt)
                  00002ff4    00000050                      : PWMTimerCC26XX.oem4f (.text:PWMTimerCC26XX_getdutyCounts)
                  00003044    0000004c     ti_drivers_config.obj (.text:Board_wakeUpExtFlash)
                  00003090    0000004c     drivers_cc13x2.a : GPTimerCC26XX.oem4f (.text:GPTimerCC26XX_initHw)
                  000030dc    0000004c                      : GPTimerCC26XX.oem4f (.text:GPTimerCC26XX_start)
                  00003128    0000004c     driverlib.lib : prcm.obj (.text:NOROM_PRCMPowerDomainsAllOn)
                  00003174    0000004c     drivers_cc13x2.a : UARTCC26XX.oem4f (.text:UARTCC26XX_readCancel)
                  000031c0    0000004c     rtsv7M4_T_le_v4SPD16_eabi.lib : cpy_tbl.c.obj (.text:copy_in)
                  0000320c    00000048     drivers_cc13x2.a : GPTimerCC26XX.oem4f (.text:GPTimerCC26XXHwiFxn)
                  00003254    00000048                      : PINCC26XX.oem4f (.text:PIN_setOutputEnable)
                  0000329c    00000048                      : PWMTimerCC26XX.oem4f (.text:PWMTimerCC26XX_setDuty)
                  000032e4    00000048                      : PowerCC26X2_calibrateRCOSC.oem4f (.text:PowerCC26X2_RCOSC_clockFunc)
                  0000332c    00000048                      : PowerCC26X2.oem4f (.text:switchXOSCHF)
                  00003374    00000048                      : UARTCC26XX.oem4f (.text:writeFinishedDoCallback)
                  000033bc    00000046                      : RingBuf.oem4f (.text:RingBuf_put)
                  00003402    00000002     rtsv7M4_T_le_v4SPD16_eabi.lib : div0.asm.obj (.text)
                  00003404    00000044     drivers_cc13x2.a : ADC.oem4f (.text:ADC_init)
                  00003448    00000044     driverlib.lib : chipinfo.obj (.text:NOROM_ChipInfo_GetHwRevision)
                  0000348c    00000044     drivers_cc13x2.a : PINCC26XX.oem4f (.text:PIN_swi)
                  000034d0    00000044                      : PWM.oem4f (.text:PWM_init)
                  00003514    00000044                      : TimerCC26XX.oem4f (.text:TimerCC26XX_start)
                  00003558    00000044                      : Timer.oem4f (.text:Timer_init)
                  0000359c    00000044                      : UART.oem4f (.text:UART_init)
                  000035e0    00000044     rom_sysbios.aem4f : rom_sysbios.obj (.text:xdc_runtime_SysMin_flush__E)
                  00003624    00000040     drivers_cc13x2.a : ADC.oem4f (.text:ADC_open)
                  00003664    00000040     ti_drivers_config.obj (.text:Board_shutDownExtFlash)
                  000036a4    00000040     dpl_cc13x2.a : ClockP_tirtos.oem4f (.text:ClockP_construct)
                  000036e4    00000040     driverlib.lib : osc.obj (.text:NOROM_OSC_HPOSCRelativeFrequencyOffsetGet)
                  00003724    00000040     drivers_cc13x2.a : PWM.oem4f (.text:PWM_open)
                  00003764    00000040                      : RingBuf.oem4f (.text:RingBuf_get)
                  000037a4    00000040                      : Timer.oem4f (.text:Timer_open)
                  000037e4    00000040                      : UART.oem4f (.text:UART_open)
                  00003824    00000040     rtsv7M4_T_le_v4SPD16_eabi.lib : u_divt2.asm.obj (.text)
                  00003864    00000040     rom_sysbios.aem4f : rom_sysbios.obj (.text:ti_sysbios_family_arm_cc26xx_Timer_setThreshold__I)
                  000038a4    0000003e     dpl_cc13x2.a : HwiP_tirtos.oem4f (.text:HwiP_construct)
                  000038e2    00000002     asng_taskt04_pem4f.oem4f (.text:ti_sysbios_BIOS_nullFunc__I)
                  000038e4    0000003c     drivers_cc13x2.a : ADCCC26XX.oem4f (.text:ADCCC26XX_close)
                  00003920    0000003c                      : GPTimerCC26XX.oem4f (.text:GPTimerCC26XX_unregisterInterrupt)
                  0000395c    0000003c                      : PINCC26XX.oem4f (.text:PIN_setOutputValue)
                  00003998    0000003c     rom_sysbios.aem4f : rom_sysbios.obj (.text:ti_sysbios_family_arm_m3_Hwi_construct2__E)
                  000039d4    00000038     drivers_cc13x2.a : PINCC26XX.oem4f (.text:PIN_setConfig)
                  00003a0c    00000038     rtsv7M4_T_le_v4SPD16_eabi.lib : trgmsg.c.obj (.text:__TI_writemsg)
                  00003a44    00000038     drivers_cc13x2.a : PowerCC26X2.oem4f (.text:notify)
                  00003a7c    00000038                      : UARTCC26XX.oem4f (.text:readData)
                  00003ab4    00000038     rom_sysbios.aem4f : rom_sysbios.obj (.text:ti_sysbios_family_arm_cc26xx_Timer_getCurrentTick__E)
                  00003aec    00000038     drivers_cc13x2.a : UARTCC26XX.oem4f (.text:writeData)
                  00003b24    00000036                      : TimerCC26XX.oem4f (.text:TimerCC26XX_stop)
                  00003b5a    00000036     rom_sysbios.aem4f : rom_sysbios.obj (.text:ti_sysbios_family_arm_cc26xx_Timer_setNextTick__E)
                  00003b90    00000034     drivers_cc13x2.a : GPIOCC26XX.oem4f (.text:GPIO_toggle)
                  00003bc4    00000034                      : GPTimerCC26XX.oem4f (.text:GPTimerCC26XXSetLoadMatch)
                  00003bf8    00000034                      : GPTimerCC26XX.oem4f (.text:GPTimerCC26XX_configureDebugStall)
                  00003c2c    00000034     driverlib.lib : aux_sysif.obj (.text:NOROM_AUXSYSIFOpModeChange)
                  00003c60    00000034                   : sys_ctrl.obj (.text:NOROM_SysCtrlIdle)
                  00003c94    00000034     drivers_cc13x2.a : PWMTimerCC26XX.oem4f (.text:PWMTimerCC26XX_getperiodCounts)
                  00003cc8    00000034     rtsv7M4_T_le_v4SPD16_eabi.lib : trgmsg.c.obj (.text:__TI_readmsg)
                  00003cfc    00000034     drivers_cc13x2.a : UARTCC26XX.oem4f (.text:readData2RingBuf)
                  00003d30    00000034     rom_sysbios.aem4f : rom_sysbios.obj (.text:xdc_runtime_SysMin_abort__E)
                  00003d64    00000034                       : rom_sysbios.obj (.text:xdc_runtime_SysMin_putch__E)
                  00003d98    00000030     drivers_cc13x2.a : GPIOCC26XX.oem4f (.text:GPIO_hwiIntFxn)
                  00003dc8    00000030                      : GPIOCC26XX.oem4f (.text:GPIO_setCallback)
                  00003df8    00000030                      : GPTimerCC26XX.oem4f (.text:GPTimerCC26XX_close)
                  00003e28    00000030                      : PINCC26XX.oem4f (.text:PINCC26XX_setMux)
                  00003e58    00000030                      : PWMTimerCC26XX.oem4f (.text:PWMTimerCC26XX_start)
                  00003e88    00000030                      : PowerCC26X2.oem4f (.text:Power_releaseConstraint)
                  00003eb8    00000030                      : PowerCC26X2.oem4f (.text:Power_setConstraint)
                  00003ee8    00000030     asng_taskt04_pem4f.oem4f (.text:ti_sysbios_BIOS_atExitFunc__I)
                  00003f18    00000030     asng_taskt04_pem4f.oem4f (.text:ti_sysbios_BIOS_startFunc__I)
                  00003f48    00000030     rom_sysbios.aem4f : rom_sysbios.obj (.text:ti_sysbios_family_arm_cc26xx_Timer_initDevice__I)
                  00003f78    0000002c     drivers_cc13x2.a : GPTimerCC26XX.oem4f (.text:GPTimerCC26XX_getTimerValue)
                  00003fa4    0000002c                      : PWMTimerCC26XX.oem4f (.text:PWMTimerCC26XX_close)
                  00003fd0    0000002c                      : PWMTimerCC26XX.oem4f (.text:PWMTimerCC26XX_stop)
                  00003ffc    0000002c     dpl_cc13x2.a : SemaphoreP_tirtos.oem4f (.text:SemaphoreP_constructBinary)
                  00004028    0000002c                  : SemaphoreP_tirtos.oem4f (.text:SemaphoreP_createBinary)
                  00004054    0000002c     drivers_cc13x2.a : TimerCC26XX.oem4f (.text:TimerCC26XX_callbackfxn)
                  00004080    0000002c     rom_sysbios.aem4f : rom_sysbios.obj (.text:ti_sysbios_knl_Clock_getTicksUntilInterrupt__E)
                  000040ac    00000028     drivers_cc13x2.a : PowerCC26X2.oem4f (.text:Power_registerNotify)
                  000040d4    00000028                      : TimerCC26XX.oem4f (.text:TimerCC26XX_close)
                  000040fc    00000028                      : PowerCC26X2.oem4f (.text:oscillatorISR)
                  00004124    00000026                      : GPTimerCC26XX.oem4f (.text:GPTimerCC26XXLookupMask)
                  0000414a    00000026                      : List.oem4f (.text:List_put)
                  00004170    00000026                      : List.oem4f (.text:List_remove)
                  00004196    00000002     rom_sysbios.aem4f : rom_sysbios.obj (.text:xdc_runtime_SysCallback_defaultAbort)
                  00004198    00000024     drivers_cc13x2.a : GPTimerCC26XX.oem4f (.text:GPTimerCC26XX_enableInterrupt)
                  000041bc    00000024     driverlib.lib : osc.obj (.text:NOROM_OSCHF_TurnOnXosc)
                  000041e0    00000024     drivers_cc13x2.a : PowerCC26X2_calibrateRCOSC.oem4f (.text:getTdcSemaphore)
                  00004204    00000024     asng_taskt04_pem4f.oem4f (.text:ti_sysbios_BIOS_registerRTSLock__I)
                  00004228    00000024     asng_taskt04_pem4f.oem4f (.text:ti_sysbios_BIOS_removeRTSLock__I)
                  0000424c    00000024     rom_sysbios.aem4f : rom_sysbios.obj (.text:ti_sysbios_family_arm_cc26xx_Timer_getMaxTicks__E)
                  00004270    00000022     drivers_cc13x2.a : GPTimerCC26XX.oem4f (.text:GPTimerCC26XXReverseLookupMask)
                  00004292    00000022     asng_taskt04_pem4f.oem4f (.text:xdc_runtime_SysMin_output__I)
                  000042b4    00000020     ti_drivers_config.obj (.text:Board_init)
                  000042d4    00000020     driverlib.lib : aux_adc.obj (.text:NOROM_AUXADCEnableSync)
                  000042f4    00000020     drivers_cc13x2.a : PINCC26XX.oem4f (.text:PINCC26XX_setIoCfgMux)
                  00004314    00000020                      : PowerCC26X2.oem4f (.text:Power_unregisterNotify)
                  00004334    00000020                      : UARTCC26XX.oem4f (.text:threadSafeStdbyDisRelease)
                  00004354    00000020                      : UARTCC26XX.oem4f (.text:threadSafeStdbyDisSet)
                  00004374    00000020     asng_taskt04_pem4f.oem4f (.text:ti_sysbios_BIOS_rtsLock__I)
                  00004394    00000020     rom_sysbios.aem4f : rom_sysbios.obj (.text:ti_sysbios_family_arm_cc26xx_Timer_dynamicStub__E)
                  000043b4    00000020                       : rom_sysbios.obj (.text:xdc_runtime_SysMin_Module_startup__E)
                  000043d4    0000001e     drivers_cc13x2.a : PINCC26XX.oem4f (.text:PIN_close)
                  000043f2    0000001e                      : PowerCC26X2.oem4f (.text:Power_getTransitionLatency)
                  00004410    0000001c     driverlib.lib : chipinfo.obj (.text:NOROM_ChipInfo_GetChipFamily)
                  0000442c    0000001c     drivers_cc13x2.a : PINCC26XX.oem4f (.text:PIN_hwi)
                  00004448    0000001c     dpl_cc13x2.a : PowerCC26X2_tirtos.oem4f (.text:PowerCC26XX_schedulerDisable)
                  00004464    0000001c                  : PowerCC26X2_tirtos.oem4f (.text:PowerCC26XX_schedulerRestore)
                  00004480    0000001c     rom_sysbios.aem4f : rom_sysbios.obj (.text:ti_sysbios_family_arm_m3_Hwi_clearInterrupt__E)
                  0000449c    0000001c                       : rom_sysbios.obj (.text:ti_sysbios_knl_Swi_construct2__E)
                  000044b8    0000001c     asng_taskt04_pem4f.oem4f (.text:xdc_runtime_Startup_exec__I)
                  000044d4    0000001c     rom_sysbios.aem4f : rom_sysbios.obj (.text:xdc_runtime_SysMin_exit__E)
                  000044f0    0000001c                       : rom_sysbios_config.obj (.text:xdc_runtime_System_sprintf__E)
                  0000450c    0000001a     drivers_cc13x2.a : PWMTimerCC26XX.oem4f (.text:PWMTimerCC26XX_control)
                  00004526    0000001a                      : PowerCC26X2.oem4f (.text:PowerCC26XX_calibrate)
                  00004540    00000018     driverlib.lib : chipinfo.obj (.text:NOROM_ChipInfo_GetPackageType)
                  00004558    00000018     drivers_cc13x2.a : PowerCC26X2.oem4f (.text:Power_idleFunc)
                  00004570    00000018                      : UART.oem4f (.text:UART_Params_init)
                  00004588    00000018     rtsv7M4_T_le_v4SPD16_eabi.lib : args_main.c.obj (.text:_args_main)
                  000045a0    00000018                                   : ll_mul_t2.asm.obj (.text)
                  000045b8    00000018     drivers_cc13x2.a : PowerCC26X2.oem4f (.text:switchToTCXO)
                  000045d0    00000018     asng_taskt04_pem4f.oem4f (.text:ti_sysbios_BIOS_rtsUnlock__I)
                  000045e8    00000018     rom_sysbios.aem4f : rom_sysbios.obj (.text:ti_sysbios_knl_Swi_or__E)
                  00004600    00000018                       : rom_sysbios.obj (.text:xdc_runtime_Error_init__E)
                  00004618    00000018     asng_taskt04_pem4f.oem4f (.text:xdc_runtime_SysMin_Module__startupDone__F)
                  00004630    00000016     driverlib.lib : chipinfo.obj (.text:NOROM_ThisLibraryIsFor_CC13x2_CC26x2_HwRev20AndLater_HaltIfViolated)
                  00004646    00000016     asng_taskt04_pem4f.oem4f (.text:ti_sysbios_BIOS_exitFunc__I)
                  0000465c    00000016     asng_taskt04.obj (.text:ti_sysbios_knl_Semaphore_Params_init)
                  00004672    00000016     rom_sysbios.aem4f : rom_sysbios.obj (.text:xdc_runtime_System_vsprintf__E)
                  00004688    00000014     drivers_cc13x2.a : PWM.oem4f (.text:PWM_Params_init)
                  0000469c    00000014                      : PowerCC26X2_calibrateRCOSC.oem4f (.text:PowerCC26X2_calibrate)
                  000046b0    00000014     asng_taskt04.obj (.text:heartBeatFxn)
                  000046c4    00000014     rom_sysbios.aem4f : rom_sysbios.obj (.text:ti_sysbios_family_arm_cc26xx_Timer_getCount64__E)
                  000046d8    00000014     asng_taskt04_pem4f.oem4f (.text:ti_sysbios_knl_Clock_doTick__I)
                  000046ec    00000012     drivers_cc13x2.a : GPTimerCC26XX.oem4f (.text:GPTimerCC26XX_Params_init)
                  000046fe    00000012                      : RingBuf.oem4f (.text:RingBuf_construct)
                  00004710    00000012     dpl_cc13x2.a : SemaphoreP_tirtos.oem4f (.text:SemaphoreP_pend)
                  00004722    00000010                  : HwiP_tirtos.oem4f (.text:HwiP_Params_init)
                  00004732    00000002     rom_sysbios.aem4f : rom_sysbios.obj (.text:xdc_runtime_SysCallback_defaultExit)
                  00004734    00000010     drivers_cc13x2.a : PINCC26XX.oem4f (.text:PINCC26XX_getPinCount)
                  00004744    00000010     dpl_cc13x2.a : SwiP_tirtos.oem4f (.text:SwiP_Params_init)
                  00004754    00000010     drivers_cc13x2.a : Timer.oem4f (.text:Timer_Params_init)
                  00004764    00000010                      : UARTCC26XX.oem4f (.text:uartPostNotify)
                  00004774    00000010     rom_sysbios.aem4f : rom_sysbios.obj (.text:xdc_runtime_SysMin_ready__E)
                  00004784    0000000e     rtsv7M4_T_le_v4SPD16_eabi.lib : copy_decompress_none.c.obj (.text:decompress:none:__TI_decompress_none)
                  00004792    0000000e     rom_sysbios.aem4f : rom_sysbios.obj (.text:ti_sysbios_family_arm_cc26xx_TimestampProvider_get32__E)
                  000047a0    0000000c     dpl_cc13x2.a : ClockP_tirtos.oem4f (.text:ClockP_getSystemTickPeriod)
                  000047ac    0000000c     driverlib.lib : cpu.obj (.text:NOROM_CPUcpsid)
                  000047b8    0000000c                   : cpu.obj (.text:NOROM_CPUcpsie)
                  000047c4    0000000c     drivers_cc13x2.a : PINCC26XX.oem4f (.text:PIN_registerIntCb)
                  000047d0    0000000c                      : PowerCC26X2.oem4f (.text:Power_getConstraintMask)
                  000047dc    0000000c                      : PowerCC26X2.oem4f (.text:Power_getDependencyCount)
                  000047e8    0000000c     dpl_cc13x2.a : SemaphoreP_tirtos.oem4f (.text:SemaphoreP_delete)
                  000047f4    0000000c     rtsv7M4_T_le_v4SPD16_eabi.lib : _lock.c.obj (.text:_register_lock)
                  00004800    0000000c                                   : _lock.c.obj (.text:_register_unlock)
                  0000480c    0000000c                                   : copy_zero_init.c.obj (.text:decompress:ZI:__TI_zero_init)
                  00004818    0000000c     asng_taskt04.obj (.text:ti_sysbios_knl_Semaphore_handle)
                  00004824    0000000c     rom_sysbios.aem4f : rom_sysbios.obj (.text:ti_sysbios_knl_Swi_getTrigger__E)
                  00004830    0000000a     drivers_cc13x2.a : ADC.oem4f (.text:ADC_convert)
                  0000483a    0000000a     dpl_cc13x2.a : ClockP_tirtos.oem4f (.text:ClockP_Params_init)
                  00004844    0000000a     drivers_cc13x2.a : PWM.oem4f (.text:PWM_setDuty)
                  0000484e    0000000a                      : PWM.oem4f (.text:PWM_start)
                  00004858    0000000a                      : Timer.oem4f (.text:Timer_setPeriod)
                  00004862    0000000a                      : Timer.oem4f (.text:Timer_start)
                  0000486c    0000000a                      : UART.oem4f (.text:UART_write)
                  00004876    0000000a                      : UARTCC26XX.oem4f (.text:readSemCallback)
                  00004880    00000008                      : ADCCC26XX.oem4f (.text:ADCCC26XX_init)
                  00004888    00000008                      : GPTimerCC26XX.oem4f (.text:GPTimerCC26XX_setLoadValue)
                  00004890    00000008                      : GPTimerCC26XX.oem4f (.text:GPTimerCC26XX_setMatchValue)
                  00004898    00000008                      : TimerCC26XX.oem4f (.text:TimerCC26XX_getCount)
                  000048a0    00000008                      : UARTCC26XX.oem4f (.text:UARTCC26XX_init)
                  000048a8    00000008                      : UARTCC26XX.oem4f (.text:writeSemCallback)
                  000048b0    00000008     asng_taskt04_pem4f.oem4f (.text:xdc_runtime_Text_visitRope__I)
                  000048b8    00000006     drivers_cc13x2.a : ADCCC26XX.oem4f (.text:ADCCC26XX_control)
                  000048be    00000006                      : GPTimerCC26XX.oem4f (.text:GPTimerCC26XX_getArg)
                  000048c4    00000006                      : GPTimerCC26XX.oem4f (.text:GPTimerCC26XX_getValue)
                  000048ca    00000006                      : GPTimerCC26XX.oem4f (.text:GPTimerCC26XX_setArg)
                  000048d0    00000006     driverlib.lib : cpu.obj (.text:NOROM_CPUdelay)
                  000048d6    00000006     drivers_cc13x2.a : TimerCC26XX.oem4f (.text:TimerCC26XX_control)
                  000048dc    00000006                      : UARTCC26XX.oem4f (.text:UARTCC26XX_readPolling)
                  000048e2    00000006                      : UARTCC26XX.oem4f (.text:UARTCC26XX_writePolling)
                  000048e8    00000006                      : PowerCC26X2.oem4f (.text:delayUs)
                  000048ee    00000004     dpl_cc13x2.a : PowerCC26X2_tirtos.oem4f (.text:CPUwfi)
                  000048f2    00000004                  : ClockP_tirtos.oem4f (.text:ClockP_destruct)
                  000048f6    00000004                  : ClockP_tirtos.oem4f (.text:ClockP_getCpuFreq)
                  000048fa    00000004                  : ClockP_tirtos.oem4f (.text:ClockP_setTimeout)
                  000048fe    00000004                  : ClockP_tirtos.oem4f (.text:ClockP_start)
                  00004902    00000004                  : ClockP_tirtos.oem4f (.text:ClockP_stop)
                  00004906    00000004                  : HwiP_tirtos.oem4f (.text:HwiP_clearInterrupt)
                  0000490a    00000004                  : HwiP_tirtos.oem4f (.text:HwiP_destruct)
                  0000490e    00000004                  : HwiP_tirtos.oem4f (.text:HwiP_disable)
                  00004912    00000004                  : SemaphoreP_tirtos.oem4f (.text:SemaphoreP_destruct)
                  00004916    00000004                  : SemaphoreP_tirtos.oem4f (.text:SemaphoreP_post)
                  0000491a    00000004                  : SwiP_tirtos.oem4f (.text:SwiP_destruct)
                  0000491e    00000004                  : SwiP_tirtos.oem4f (.text:SwiP_getTrigger)
                  00004922    00000004                  : SwiP_tirtos.oem4f (.text:SwiP_or)
                  00004926    00000004     drivers_cc13x2.a : PowerCC26X2.oem4f (.text:configureRFCoreClocks)
                  0000492a    00000004                      : PowerCC26X2.oem4f (.text:nopResourceHandler)
                  0000492e    00000004     asng_taskt04_pem4f.oem4f (.text:xdc_runtime_Startup_reset__I)
                  00004932    00000004     rom_sysbios.aem4f : rom_sysbios.obj (.text:xdc_runtime_SysCallback_defaultReady)
                  00004936    00000004                       : rom_sysbios.obj (.text:xdc_runtime_System_sprintf_va__F)
                  0000493a    00000002                       : rom_sysbios.obj (.text:xdc_runtime_SysCallback_defaultFlush)
                  0000493c    00000002                       : rom_sysbios.obj (.text:xdc_runtime_SysCallback_defaultPutch)
                  0000493e    00000002     --HOLE-- [fill = 0]
                  00004940    00000008     (.tramp.ti_sysbios_knl_Swi_destruct.1)
                  00004948    00000008     (.tramp.ti_sysbios_knl_Semaphore_destruct.1)
                  00004950    00000008     (.tramp.ti_sysbios_family_arm_m3_Hwi_disableFxn__E.1)
                  00004958    00000008     (.tramp.ti_sysbios_family_arm_m3_Hwi_destruct.1)
                  00004960    00000008     (.tramp.ti_sysbios_BIOS_getCpuFreq__E.1)
                  00004968    00000008     (.tramp.ti_sysbios_knl_Clock_destruct.1)
                  00004970    00000008     (.tramp.ti_sysbios_knl_Semaphore_delete.1)
                  00004978    00000008     (.tramp.ti_sysbios_knl_Clock_logTick__E.1)
                  00004980    00000008     (.tramp.ti_sysbios_knl_Task_sleep__E.1)
                  00004988    00000008     (.tramp.ti_sysbios_knl_Swi_post__E.1)
                  00004990    00000008     (.tramp.ti_sysbios_BIOS_RtsGateProxy_leave__E.1)
                  00004998    00000008     (.tramp.ti_sysbios_knl_Swi_construct.1)
                  000049a0    00000008     (.tramp.ti_sysbios_knl_Task_restore__E.1)
                  000049a8    00000008     (.tramp.ti_sysbios_knl_Swi_restore__E.1)
                  000049b0    00000008     (.tramp.ti_sysbios_BIOS_RtsGateProxy_enter__E.1)
                  000049b8    00000008     (.tramp.ti_sysbios_knl_Clock_TimerProxy_getCurrentTick__E.1)
                  000049c0    00000008     (.tramp.ti_sysbios_knl_Semaphore_create.1)
                  000049c8    00000008     (.tramp.ti_sysbios_knl_Semaphore_Params__init__S.1)
                  000049d0    00000008     (.tramp.ti_sysbios_knl_Task_startup__E.1)
                  000049d8    00000008     (.tramp.ti_sysbios_knl_Swi_startup__E.1)
                  000049e0    00000008     (.tramp.ti_sysbios_hal_Hwi_startup__E.1)
                  000049e8    00000008     (.tramp.ti_sysbios_family_arm_cc26xx_Timer_startup__E.1)
                  000049f0    00000008     (.tramp.xdc_runtime_System_atexit__E.1)
                  000049f8    00000008     (.tramp.ti_sysbios_BIOS_linkedWithIncorrectBootLibrary__E.1)
                  00004a00    00000008     (.tramp.xdc_runtime_Startup_rtsDone__E.1)
                  00004a08    00000008     (.tramp.ti_sysbios_BIOS_setThreadType__E.1)
                  00004a10    00000008     (.tramp.ti_sysbios_knl_Task_disable__E.1)
                  00004a18    00000008     (.tramp.ti_sysbios_knl_Swi_disable__E.1)
                  00004a20    00000008     (.tramp.ti_sysbios_family_arm_m3_Hwi_construct.1)
                  00004a28    00000008     (.tramp.ti_sysbios_family_arm_m3_Hwi_Params__init__S.1)
                  00004a30    00000008     (.tramp.ti_sysbios_knl_Clock_construct.1)
                  00004a38    00000008     (.tramp.ti_sysbios_knl_Clock_Params__init__S.1)
                  00004a40    00000008     (.tramp.xdc_runtime_Gate_leaveSystem__E.1)
                  00004a48    00000008     (.tramp.xdc_runtime_Gate_enterSystem__E.1)
                  00004a50    00000008     (.tramp.ti_sysbios_knl_Swi_Params__init__S.1)
                  00004a58    00000008     (.tramp.ti_sysbios_knl_Semaphore_post__E.1)
                  00004a60    00000008     (.tramp.xdc_runtime_System_exit__E.1)
                  00004a68    00000008     (.tramp.ti_sysbios_heaps_HeapMem_restore__E.1)
                  00004a70    00000008     (.tramp.ti_sysbios_heaps_HeapMem_Object__get__S.1)
                  00004a78    00000008     (.tramp.ti_sysbios_knl_Semaphore_pend__E.1)
                  00004a80    00000008     (.tramp.ti_sysbios_knl_Clock_stop__E.1)
                  00004a88    00000008     (.tramp.ti_sysbios_knl_Clock_start__E.1)
                  00004a90    00000008     (.tramp.ti_sysbios_knl_Clock_setTimeout__E.1)
                  00004a98    00000008     (.tramp.ti_sysbios_BIOS_start__E.1)
                  00004aa0    00000008     (.tramp.ti_sysbios_knl_Semaphore_construct.1)
                  00004aa8    00000008     (.tramp.xdc_runtime_System_printf__E.1)
                  00004ab0    00000008     (.tramp.xdc_runtime_System_doPrint__I.1)
                  00004ab8    00000008     (.tramp.xdc_runtime_Text_putSite__E.1)
                  00004ac0    00000008     (.tramp.xdc_runtime_Text_putLab__E.1)
                  00004ac8    00000008     (.tramp.ti_sysbios_family_arm_m3_Hwi_restoreFxn__E.1)

.const.2   0    00004ad0    00000793     
                  00004ad0    000003b8     asng_taskt04_pem4f.oem4f (.const:ROM_constStruct)
                  00004e88    00000054     drivers_cc13x2.a : PowerCC26X2.oem4f (.const:resourceDB)
                  00004edc    00000048     asng_taskt04_pem4f.oem4f (.const:.string)
                  00004f24    00000048     asng_taskt04_pem4f.oem4f (.const:ROM_externFuncPtrs)
                  00004f6c    00000028     drivers_cc13x2.a : UARTCC26XX.oem4f (.const:UARTCC26XX_fxnTable)
                  00004f94    00000028     ti_drivers_config.obj (.const:uartCC26XXHWAttrs)
                  00004fbc    00000028     asng_taskt04_pem4f.oem4f (.const:xdc_runtime_Startup_sfxnTab__A)
                  00004fe4    00000024     drivers_cc13x2.a : PWMTimerCC26XX.oem4f (.const:PWMTimerCC26XX_fxnTable)
                  00005008    00000024                      : UART.oem4f (.const:UART_defaultParams)
                  0000502c    00000020                      : TimerCC26XX.oem4f (.const:TimerCC26XX_fxnTable)
                  0000504c    0000001c                      : GPTimerCC26XX.oem4f (.const:GPT_LUT)
                  00005068    00000018                      : ADCCC26XX.oem4f (.const:ADCCC26XX_fxnTable)
                  00005080    00000018     ti_drivers_config.obj (.const:BoardGpioInitTable)
                  00005098    00000018     ti_drivers_config.obj (.const:GPTimerCC26XX_config)
                  000050b0    00000018     drivers_cc13x2.a : PWM.oem4f (.const:PWM_defaultParams)
                  000050c8    00000018     ti_drivers_config.obj (.const:gptimerCC26XXHWAttrs)
                  000050e0    00000018     drivers_cc13x2.a : GPIOCC26XX.oem4f (.const:interruptType)
                  000050f8    00000014     ti_drivers_config.obj (.const:$P$T1$2)
                  0000510c    00000014     ti_drivers_config.obj (.const:GPIOCC26XX_config)
                  00005120    00000014     ti_drivers_config.obj (.const:PowerCC26X2_config)
                  00005134    00000014     drivers_cc13x2.a : UARTCC26XX.oem4f (.const:parityType)
                  00005148    00000014     asng_taskt04_pem4f.oem4f (.const:xdc_runtime_Startup_sfxnRts__A)
                  0000515c    00000010     drivers_cc13x2.a : UARTCC26XX.oem4f (.const:dataLength)
                  0000516c    00000010                      : GPIOCC26XX.oem4f (.const:outPinTypes)
                  0000517c    0000000c     ti_drivers_config.obj (.const:ADC_config)
                  00005188    0000000c     ti_drivers_config.obj (.const:PWM_config)
                  00005194    0000000c     ti_drivers_config.obj (.const:Timer_config)
                  000051a0    0000000c     ti_drivers_config.obj (.const:UART_config)
                  000051ac    0000000c     ti_drivers_config.obj (.const:adcCC26xxHWAttrs)
                  000051b8    0000000c     drivers_cc13x2.a : Timer.oem4f (.const:defaultParams)
                  000051c4    0000000c                      : GPIOCC26XX.oem4f (.const:inPinTypes)
                  000051d0    0000000c                      : GPIOCC26XX.oem4f (.const:outPinStrengths)
                  000051dc    0000000c     ti_drivers_config.obj (.const)
                  000051e8    0000000c     asng_taskt04_pem4f.oem4f (.const:xdc_runtime_Startup_firstFxns__A)
                  000051f4    00000008     driverlib.lib : aux_sysif.obj (.const:$O1$$)
                  000051fc    00000008     ti_drivers_config.obj (.const:$P$T0$1)
                  00005204    00000008     drivers_cc13x2.a : ADC.oem4f (.const:ADC_defaultParams)
                  0000520c    00000008                      : GPTimerCC26XX.oem4f (.const:GPT_DefaultParams)
                  00005214    00000008     ti_drivers_config.obj (.const:PINCC26XX_hwAttrs)
                  0000521c    00000008     drivers_cc13x2.a : UARTCC26XX.oem4f (.const:stopBits)
                  00005224    00000008     asng_taskt04_pem4f.oem4f (.const:ti_sysbios_family_arm_m3_Hwi_excHookFuncs__A)
                  0000522c    00000008     asng_taskt04_pem4f.oem4f (.const:ti_sysbios_knl_Idle_funcList__A)
                  00005234    00000006     drivers_cc13x2.a : UARTCC26XX.oem4f (.const:.string:rxFifoBytes)
                  0000523a    00000006                      : UARTCC26XX.oem4f (.const:.string:rxFifoThreshold)
                  00005240    00000006                      : UARTCC26XX.oem4f (.const:.string:txFifoBytes)
                  00005246    00000006                      : UARTCC26XX.oem4f (.const:.string:txFifoThreshold)
                  0000524c    00000004     asng_taskt04_pem4f.oem4f (.const:ti_sysbios_heaps_HeapMem_primaryHeapEndAddr__C)
                  00005250    00000004     asng_taskt04_pem4f.oem4f (.const:ti_sysbios_knl_Clock_tickPeriod__C)
                  00005254    00000004     asng_taskt04_pem4f.oem4f (.const:xdc_runtime_SysMin_bufSize__C)
                  00005258    00000004     asng_taskt04_pem4f.oem4f (.const:xdc_runtime_SysMin_outputFunc__C)
                  0000525c    00000002     ti_drivers_config.obj (.const:pwmTimerCC26XXHWAttrs)
                  0000525e    00000002     ti_drivers_config.obj (.const:timerCC26XXHWAttrs)
                  00005260    00000002     asng_taskt04_pem4f.oem4f (.const:xdc_runtime_SysMin_flushAtExit__C)
                  00005262    00000001     asng_taskt04_pem4f.oem4f (.const:xdc_runtime_Text_charTab__A)

MODULE SUMMARY

       Module                             code    ro data   rw data
       ------                             ----    -------   -------
    .\
       asng_taskt04.obj                   746     0         128    
    +--+----------------------------------+-------+---------+---------+
       Total:                             746     0         128    
                                                                   
    .\syscfg\
       ti_drivers_config.obj              306     264       784    
       ti_devices_config.obj              0       88        0      
    +--+----------------------------------+-------+---------+---------+
       Total:                             306     352       784    
                                                                   
    C:\TM4C123G_LaunchPad_Workshop\CC1352 DA4\Debug\configPkg\package\cfg\
       asng_taskt04_pem4f.oem4f           720     1267      4074   
    +--+----------------------------------+-------+---------+---------+
       Total:                             720     1267      4074   
                                                                   
    C:/ti/simplelink_cc13x2_26x2_sdk_4_30_00_54/kernel/tirtos/packages/ti/dpl/lib/ccs/m4f/dpl_cc13x2.a
       PowerCC26X2_tirtos.oem4f           260     0         8      
       SemaphoreP_tirtos.oem4f            126     0         0      
       SwiP_tirtos.oem4f                  112     0         0      
       ClockP_tirtos.oem4f                106     0         0      
       HwiP_tirtos.oem4f                  90      0         0      
    +--+----------------------------------+-------+---------+---------+
       Total:                             694     0         8      
                                                                   
    C:/ti/simplelink_cc13x2_26x2_sdk_4_30_00_54/source/ti/devices/cc13x2_cc26x2/driverlib/bin/ccs/driverlib.lib
       sys_ctrl.obj                       428     0         0      
       osc.obj                            340     0         36     
       setup.obj                          324     0         0      
       chipinfo.obj                       250     0         0      
       prcm.obj                           160     0         0      
       aux_sysif.obj                      52      8         0      
       aux_adc.obj                        32      0         0      
       cpu.obj                            30      0         0      
       driverlib_release.obj              0       0         1      
    +--+----------------------------------+-------+---------+---------+
       Total:                             1616    8         37     
                                                                   
    C:/ti/simplelink_cc13x2_26x2_sdk_4_30_00_54/source/ti/drivers/lib/ccs/m4f/drivers_cc13x2.a
       UARTCC26XX.oem4f                   2760    108       0      
       PowerCC26X2.oem4f                  2060    84        368    
       PINCC26XX.oem4f                    1506    0         328    
       PowerCC26X2_calibrateRCOSC.oem4f   1400    0         0      
       GPTimerCC26XX.oem4f                1060    36        0      
       PWMTimerCC26XX.oem4f               836     36        16     
       GPIOCC26XX.oem4f                   616     64        61     
       ADCCC26XX.oem4f                    542     24        82     
       TimerCC26XX.oem4f                  534     32        0      
       UART.oem4f                         166     36        1      
       PWM.oem4f                          172     24        1      
       Timer.oem4f                        168     12        1      
       RingBuf.oem4f                      152     0         0      
       ADC.oem4f                          142     8         1      
       List.oem4f                         76      0         0      
    +--+----------------------------------+-------+---------+---------+
       Total:                             12190   464       859    
                                                                   
    C:\TM4C123G_LaunchPad_Workshop\CC1352 DA4\src\sysbios\rom_sysbios.aem4f
       rom_sysbios.obj                    1167    0         0      
       rom_sysbios_config.obj             28      0         0      
    +--+----------------------------------+-------+---------+---------+
       Total:                             1195    0         0      
                                                                   
    C:\ti\ccs1010\ccs\tools\compiler\ti-cgt-arm_20.2.1.LTS\lib\rtsv7M4_T_le_v4SPD16_eabi.lib
       trgmsg.c.obj                       108     0         288    
       memcpy_t2.asm.obj                  156     0         0      
       ull_div_t2.asm.obj                 150     0         0      
       memset_t2.asm.obj                  122     0         0      
       copy_decompress_lzss.c.obj         104     0         0      
       hostwrite.c.obj                    88      0         0      
       cpy_tbl.c.obj                      76      0         0      
       u_divt2.asm.obj                    64      0         0      
       _lock.c.obj                        26      0         8      
       args_main.c.obj                    24      0         0      
       ll_mul_t2.asm.obj                  24      0         0      
       copy_decompress_none.c.obj         14      0         0      
       copy_zero_init.c.obj               12      0         0      
       hostopen.c.obj                     0       0         8      
       stkdepth_vars.c.obj                0       0         4      
       div0.asm.obj                       2       0         0      
    +--+----------------------------------+-------+---------+---------+
       Total:                             970     0         308    
                                                                   
    C:\ti\simplelink_cc13x2_26x2_sdk_4_30_00_54\kernel\tirtos\packages\ti\targets\arm\rtsarm\lib\auto_init.aem4f
       auto_init.oem4f                    160     0         0      
    +--+----------------------------------+-------+---------+---------+
       Total:                             160     0         0      
                                                                   
    C:\ti\simplelink_cc13x2_26x2_sdk_4_30_00_54\kernel\tirtos\packages\ti\targets\arm\rtsarm\lib\boot.aem4f
       boot.oem4f                         88      0         0      
    +--+----------------------------------+-------+---------+---------+
       Total:                             88      0         0      
                                                                   
       Stack:                             0       0         1024   
       Linker Generated:                  400     520       0      
    +--+----------------------------------+-------+---------+---------+
       Grand Total:                       19085   2611      7222   


LINKER GENERATED COPY TABLES

__TI_cinit_table @ 00005448 records: 5, size/record: 8, table size: 40
	.data: load addr=00005268, load size=000001b4 bytes, run addr=20005260, run size=00000607 bytes, compression=lzss
	.bss: load addr=00005428, load size=00000008 bytes, run addr=20004110, run size=0000114b bytes, compression=zero_init
	.data:xdcRomConstPtr: load addr=00005430, load size=00000008 bytes, run addr=20000100, run size=00000004 bytes, compression=lzss
	.data:xdcRomExternFuncPtr: load addr=00005438, load size=00000008 bytes, run addr=20000104, run size=00000004 bytes, compression=lzss
	.data:xdcRomStatePtr: load addr=00005440, load size=00000008 bytes, run addr=20000108, run size=00000004 bytes, compression=lzss


LINKER GENERATED HANDLER TABLE

__TI_handler_table @ 0000541c records: 3, size/record: 4, table size: 12
	index: 0, handler: __TI_decompress_lzss
	index: 1, handler: __TI_decompress_none
	index: 2, handler: __TI_zero_init


FAR CALL TRAMPOLINES

callee name               trampoline name
   callee addr  tramp addr   call addr  call info
--------------  -----------  ---------  ----------------
ti_sysbios_knl_Swi_destruct  $Tramp$TT$L$PI$$ti_sysbios_knl_Swi_destruct
   1002e8bd     00004940     0000491a   dpl_cc13x2.a : SwiP_tirtos.oem4f (.text:SwiP_destruct)
ti_sysbios_knl_Semaphore_destruct  $Tramp$TT$L$PI$$ti_sysbios_knl_Semaphore_destruct
   1002e6fd     00004948     00004912   dpl_cc13x2.a : SemaphoreP_tirtos.oem4f (.text:SemaphoreP_destruct)
ti_sysbios_family_arm_m3_Hwi_disableFxn__E  $Tramp$TT$L$PI$$ti_sysbios_family_arm_m3_Hwi_disableFxn__E
   1002eb55     00004950     0000490e   dpl_cc13x2.a : HwiP_tirtos.oem4f (.text:HwiP_disable)
ti_sysbios_family_arm_m3_Hwi_destruct  $Tramp$TT$L$PI$$ti_sysbios_family_arm_m3_Hwi_destruct
   1002e475     00004958     0000490a   dpl_cc13x2.a : HwiP_tirtos.oem4f (.text:HwiP_destruct)
ti_sysbios_BIOS_getCpuFreq__E  $Tramp$TT$L$PI$$ti_sysbios_BIOS_getCpuFreq__E
   1002e9fd     00004960     000048f6   dpl_cc13x2.a : ClockP_tirtos.oem4f (.text:ClockP_getCpuFreq)
ti_sysbios_knl_Clock_destruct  $Tramp$TT$L$PI$$ti_sysbios_knl_Clock_destruct
   1002e649     00004968     000048f2   dpl_cc13x2.a : ClockP_tirtos.oem4f (.text:ClockP_destruct)
ti_sysbios_knl_Semaphore_delete  $Tramp$TT$L$PI$$ti_sysbios_knl_Semaphore_delete
   1002ecdb     00004970     000047ee   dpl_cc13x2.a : SemaphoreP_tirtos.oem4f (.text:SemaphoreP_delete)
ti_sysbios_knl_Clock_logTick__E  $Tramp$TT$L$PI$$ti_sysbios_knl_Clock_logTick__E
   1002dbd7     00004978     000046da   asng_taskt04_pem4f.oem4f (.text:ti_sysbios_knl_Clock_doTick__I)
ti_sysbios_knl_Task_sleep__E  $Tramp$TT$L$PI$$ti_sysbios_knl_Task_sleep__E
   1002ce01     00004980     000046b8   asng_taskt04.obj (.text:heartBeatFxn)
ti_sysbios_knl_Swi_post__E  $Tramp$TT$L$PI$$ti_sysbios_knl_Swi_post__E
   1002d891     00004988     000045fc   rom_sysbios.aem4f : rom_sysbios.obj (.text:ti_sysbios_knl_Swi_or__E)
                             000046e2   asng_taskt04_pem4f.oem4f (.text:ti_sysbios_knl_Clock_doTick__I)
ti_sysbios_BIOS_RtsGateProxy_leave__E  $Tramp$TT$L$PI$$ti_sysbios_BIOS_RtsGateProxy_leave__E
   1002ec7b     00004990     000045de   asng_taskt04_pem4f.oem4f (.text:ti_sysbios_BIOS_rtsUnlock__I)
ti_sysbios_knl_Swi_construct  $Tramp$TT$L$PI$$ti_sysbios_knl_Swi_construct
   1002d719     00004998     000044a2   rom_sysbios.aem4f : rom_sysbios.obj (.text:ti_sysbios_knl_Swi_construct2__E)
ti_sysbios_knl_Task_restore__E  $Tramp$TT$L$PI$$ti_sysbios_knl_Task_restore__E
   1002df45     000049a0     00004472   dpl_cc13x2.a : PowerCC26X2_tirtos.oem4f (.text:PowerCC26XX_schedulerRestore)
ti_sysbios_knl_Swi_restore__E  $Tramp$TT$L$PI$$ti_sysbios_knl_Swi_restore__E
   1002db61     000049a8     0000446a   dpl_cc13x2.a : PowerCC26X2_tirtos.oem4f (.text:PowerCC26XX_schedulerRestore)
ti_sysbios_BIOS_RtsGateProxy_enter__E  $Tramp$TT$L$PI$$ti_sysbios_BIOS_RtsGateProxy_enter__E
   1002ec77     000049b0     0000437a   asng_taskt04_pem4f.oem4f (.text:ti_sysbios_BIOS_rtsLock__I)
ti_sysbios_knl_Clock_TimerProxy_getCurrentTick__E  $Tramp$TT$L$PI$$ti_sysbios_knl_Clock_TimerProxy_getCurrentTick__E
   1002eac5     000049b8     00004092   rom_sysbios.aem4f : rom_sysbios.obj (.text:ti_sysbios_knl_Clock_getTicksUntilInterrupt__E)
ti_sysbios_knl_Semaphore_create  $Tramp$TT$L$PI$$ti_sysbios_knl_Semaphore_create
   1002dc49     000049c0     00004048   dpl_cc13x2.a : SemaphoreP_tirtos.oem4f (.text:SemaphoreP_createBinary)
ti_sysbios_knl_Semaphore_Params__init__S  $Tramp$TT$L$PI$$ti_sysbios_knl_Semaphore_Params__init__S
   1002ebe5     000049c8     0000400e   dpl_cc13x2.a : SemaphoreP_tirtos.oem4f (.text:SemaphoreP_constructBinary)
                             00004038                : SemaphoreP_tirtos.oem4f (.text:SemaphoreP_createBinary)
                             0000466c   asng_taskt04.obj (.text:ti_sysbios_knl_Semaphore_Params_init)
ti_sysbios_knl_Task_startup__E  $Tramp$TT$L$PI$$ti_sysbios_knl_Task_startup__E
   1002eceb     000049d0     00003f3c   asng_taskt04_pem4f.oem4f (.text:ti_sysbios_BIOS_startFunc__I)
ti_sysbios_knl_Swi_startup__E  $Tramp$TT$L$PI$$ti_sysbios_knl_Swi_startup__E
   1002ec6b     000049d8     00003f38   asng_taskt04_pem4f.oem4f (.text:ti_sysbios_BIOS_startFunc__I)
ti_sysbios_hal_Hwi_startup__E  $Tramp$TT$L$PI$$ti_sysbios_hal_Hwi_startup__E
   1002ec31     000049e0     00003f34   asng_taskt04_pem4f.oem4f (.text:ti_sysbios_BIOS_startFunc__I)
ti_sysbios_family_arm_cc26xx_Timer_startup__E  $Tramp$TT$L$PI$$ti_sysbios_family_arm_cc26xx_Timer_startup__E
   1002dcf1     000049e8     00003f30   asng_taskt04_pem4f.oem4f (.text:ti_sysbios_BIOS_startFunc__I)
xdc_runtime_System_atexit__E  $Tramp$TT$L$PI$$xdc_runtime_System_atexit__E
   1002f559     000049f0     00003f28   asng_taskt04_pem4f.oem4f (.text:ti_sysbios_BIOS_startFunc__I)
ti_sysbios_BIOS_linkedWithIncorrectBootLibrary__E  $Tramp$TT$L$PI$$ti_sysbios_BIOS_linkedWithIncorrectBootLibrary__E
   1002d01b     000049f8     00003f22   asng_taskt04_pem4f.oem4f (.text:ti_sysbios_BIOS_startFunc__I)
xdc_runtime_Startup_rtsDone__E  $Tramp$TT$L$PI$$xdc_runtime_Startup_rtsDone__E
   1002f8e5     00004a00     00003f1a   asng_taskt04_pem4f.oem4f (.text:ti_sysbios_BIOS_startFunc__I)
ti_sysbios_BIOS_setThreadType__E  $Tramp$TT$L$PI$$ti_sysbios_BIOS_setThreadType__E
   1002ea11     00004a08     00003ef4   asng_taskt04_pem4f.oem4f (.text:ti_sysbios_BIOS_atExitFunc__I)
                             00004650   asng_taskt04_pem4f.oem4f (.text:ti_sysbios_BIOS_exitFunc__I)
ti_sysbios_knl_Task_disable__E  $Tramp$TT$L$PI$$ti_sysbios_knl_Task_disable__E
   1002ea4d     00004a10     00003eee   asng_taskt04_pem4f.oem4f (.text:ti_sysbios_BIOS_atExitFunc__I)
                             0000444a   dpl_cc13x2.a : PowerCC26X2_tirtos.oem4f (.text:PowerCC26XX_schedulerDisable)
ti_sysbios_knl_Swi_disable__E  $Tramp$TT$L$PI$$ti_sysbios_knl_Swi_disable__E
   1002ea25     00004a18     00003eea   asng_taskt04_pem4f.oem4f (.text:ti_sysbios_BIOS_atExitFunc__I)
                             00004452   dpl_cc13x2.a : PowerCC26X2_tirtos.oem4f (.text:PowerCC26XX_schedulerDisable)
ti_sysbios_family_arm_m3_Hwi_construct  $Tramp$TT$L$PI$$ti_sysbios_family_arm_m3_Hwi_construct
   1002d421     00004a20     000039b2   rom_sysbios.aem4f : rom_sysbios.obj (.text:ti_sysbios_family_arm_m3_Hwi_construct2__E)
ti_sysbios_family_arm_m3_Hwi_Params__init__S  $Tramp$TT$L$PI$$ti_sysbios_family_arm_m3_Hwi_Params__init__S
   1002eb49     00004a28     000038c0   dpl_cc13x2.a : HwiP_tirtos.oem4f (.text:HwiP_construct)
ti_sysbios_knl_Clock_construct  $Tramp$TT$L$PI$$ti_sysbios_knl_Clock_construct
   1002dd8d     00004a30     000036da   dpl_cc13x2.a : ClockP_tirtos.oem4f (.text:ClockP_construct)
ti_sysbios_knl_Clock_Params__init__S  $Tramp$TT$L$PI$$ti_sysbios_knl_Clock_Params__init__S
   1002eb9d     00004a38     000036c0   dpl_cc13x2.a : ClockP_tirtos.oem4f (.text:ClockP_construct)
xdc_runtime_Gate_leaveSystem__E  $Tramp$TT$L$PI$$xdc_runtime_Gate_leaveSystem__E
   1002f90f     00004a40     00003610   rom_sysbios.aem4f : rom_sysbios.obj (.text:xdc_runtime_SysMin_flush__E)
                             00003d8a                     : rom_sysbios.obj (.text:xdc_runtime_SysMin_putch__E)
xdc_runtime_Gate_enterSystem__E  $Tramp$TT$L$PI$$xdc_runtime_Gate_enterSystem__E
   1002f91b     00004a48     000035e2   rom_sysbios.aem4f : rom_sysbios.obj (.text:xdc_runtime_SysMin_flush__E)
                             00003d6e                     : rom_sysbios.obj (.text:xdc_runtime_SysMin_putch__E)
ti_sysbios_knl_Swi_Params__init__S  $Tramp$TT$L$PI$$ti_sysbios_knl_Swi_Params__init__S
   1002ebf1     00004a50     00002f7a   dpl_cc13x2.a : SwiP_tirtos.oem4f (.text:SwiP_construct)
ti_sysbios_knl_Semaphore_post__E  $Tramp$TT$L$PI$$ti_sysbios_knl_Semaphore_post__E
   1002cd21     00004a58     00002ebe   asng_taskt04.obj (.text:timerCallback)
                             00002ece   asng_taskt04.obj (.text:timerCallback)
                             00002ede   asng_taskt04.obj (.text:timerCallback)
                             00004916   dpl_cc13x2.a : SemaphoreP_tirtos.oem4f (.text:SemaphoreP_post)
xdc_runtime_System_exit__E  $Tramp$TT$L$PI$$xdc_runtime_System_exit__E
   1002f7b1     00004a60     00002e8c   boot.aem4f : boot.oem4f (.text)
                             00004656   asng_taskt04_pem4f.oem4f (.text:ti_sysbios_BIOS_exitFunc__I)
ti_sysbios_heaps_HeapMem_restore__E  $Tramp$TT$L$PI$$ti_sysbios_heaps_HeapMem_restore__E
   1002eb13     00004a68     00002aa4   rom_sysbios.aem4f : rom_sysbios.obj (.text:ti_sysbios_heaps_HeapMem_initPrimary__I)
ti_sysbios_heaps_HeapMem_Object__get__S  $Tramp$TT$L$PI$$ti_sysbios_heaps_HeapMem_Object__get__S
   1002e275     00004a70     00002a6c   rom_sysbios.aem4f : rom_sysbios.obj (.text:ti_sysbios_heaps_HeapMem_initPrimary__I)
ti_sysbios_knl_Semaphore_pend__E  $Tramp$TT$L$PI$$ti_sysbios_knl_Semaphore_pend__E
   1002bfb1     00004a78     000023c6   asng_taskt04.obj (.text:uartDisplay)
                             00002554   asng_taskt04.obj (.text:switchDisplay)
                             00002e08   asng_taskt04.obj (.text:adcRead)
                             00004712   dpl_cc13x2.a : SemaphoreP_tirtos.oem4f (.text:SemaphoreP_pend)
ti_sysbios_knl_Clock_stop__E  $Tramp$TT$L$PI$$ti_sysbios_knl_Clock_stop__E
   1002e2c5     00004a80     00001642   dpl_cc13x2.a : PowerCC26X2_tirtos.oem4f (.text:PowerCC26XX_standbyPolicy)
                             00004902                : ClockP_tirtos.oem4f (.text:ClockP_stop)
ti_sysbios_knl_Clock_start__E  $Tramp$TT$L$PI$$ti_sysbios_knl_Clock_start__E
   1002e9e7     00004a88     0000162e   dpl_cc13x2.a : PowerCC26X2_tirtos.oem4f (.text:PowerCC26XX_standbyPolicy)
                             000048fe                : ClockP_tirtos.oem4f (.text:ClockP_start)
ti_sysbios_knl_Clock_setTimeout__E  $Tramp$TT$L$PI$$ti_sysbios_knl_Clock_setTimeout__E
   1002ecc3     00004a90     00001628   dpl_cc13x2.a : PowerCC26X2_tirtos.oem4f (.text:PowerCC26XX_standbyPolicy)
                             000048fa                : ClockP_tirtos.oem4f (.text:ClockP_setTimeout)
ti_sysbios_BIOS_start__E  $Tramp$TT$L$PI$$ti_sysbios_BIOS_start__E
   1002eaa5     00004a98     00001006   asng_taskt04.obj (.text:main)
ti_sysbios_knl_Semaphore_construct  $Tramp$TT$L$PI$$ti_sysbios_knl_Semaphore_construct
   1002ddc1     00004aa0     00000fd0   asng_taskt04.obj (.text:main)
                             00000fda   asng_taskt04.obj (.text:main)
                             00000fe4   asng_taskt04.obj (.text:main)
                             0000401e   dpl_cc13x2.a : SemaphoreP_tirtos.oem4f (.text:SemaphoreP_constructBinary)
xdc_runtime_System_printf__E  $Tramp$TT$L$PI$$xdc_runtime_System_printf__E
   1002f7e9     00004aa8     00000faa   asng_taskt04.obj (.text:main)
                             00000fbe   asng_taskt04.obj (.text:main)
                             00002e22   asng_taskt04.obj (.text:adcRead)
xdc_runtime_System_doPrint__I  $Tramp$TT$L$PI$$xdc_runtime_System_doPrint__I
   1002ecf1     00004ab0     00000f02   asng_taskt04_pem4f.oem4f (.text:xdc_runtime_System_printfExtend__I)
                             00004682   rom_sysbios.aem4f : rom_sysbios.obj (.text:xdc_runtime_System_vsprintf__E)
xdc_runtime_Text_putSite__E  $Tramp$TT$L$PI$$xdc_runtime_Text_putSite__E
   1002f15d     00004ab8     00000ed0   asng_taskt04_pem4f.oem4f (.text:xdc_runtime_System_printfExtend__I)
xdc_runtime_Text_putLab__E  $Tramp$TT$L$PI$$xdc_runtime_Text_putLab__E
   1002f3c5     00004ac0     00000e96   asng_taskt04_pem4f.oem4f (.text:xdc_runtime_System_printfExtend__I)
ti_sysbios_family_arm_m3_Hwi_restoreFxn__E  $Tramp$TT$L$PI$$ti_sysbios_family_arm_m3_Hwi_restoreFxn__E
   1002ec47     00004ac8     0000084a   drivers_cc13x2.a : UARTCC26XX.oem4f (.text:UARTCC26XX_open)
                             00000856                    : UARTCC26XX.oem4f (.text:UARTCC26XX_open)
                             000008e0                    : UARTCC26XX.oem4f (.text:UARTCC26XX_open)
                             00000b2c                    : UARTCC26XX.oem4f (.text:UARTCC26XX_read)
                             00000b88                    : UARTCC26XX.oem4f (.text:UARTCC26XX_read)
                             00000bb0                    : UARTCC26XX.oem4f (.text:UARTCC26XX_read)
                             00000bc2                    : UARTCC26XX.oem4f (.text:UARTCC26XX_read)
                             00000c0c                    : UARTCC26XX.oem4f (.text:UARTCC26XX_read)
                             00000c1c                    : UARTCC26XX.oem4f (.text:UARTCC26XX_read)
                             00000dba                    : GPIOCC26XX.oem4f (.text:GPIO_setConfig)
                             00000dea                    : GPIOCC26XX.oem4f (.text:GPIO_setConfig)
                             0000121e                    : PINCC26XX.oem4f (.text:PINCC26XX_setIoCfg)
                             00001368                    : UARTCC26XX.oem4f (.text:UARTCC26XX_write)
                             0000138a                    : UARTCC26XX.oem4f (.text:UARTCC26XX_write)
                             000013e0                    : UARTCC26XX.oem4f (.text:UARTCC26XX_write)
                             00001438                    : PWMTimerCC26XX.oem4f (.text:PWMTimerCC26XX_open)
                             00001448                    : PWMTimerCC26XX.oem4f (.text:PWMTimerCC26XX_open)
                             00001518                    : TimerCC26XX.oem4f (.text:TimerCC26XX_open)
                             0000152a                    : TimerCC26XX.oem4f (.text:TimerCC26XX_open)
                             000016be                    : GPIOCC26XX.oem4f (.text:GPIO_init)
                             000016c4                    : GPIOCC26XX.oem4f (.text:GPIO_init)
                             00001808                    : PowerCC26X2.oem4f (.text:Power_releaseDependency)
                             00001982                    : PowerCC26X2.oem4f (.text:Power_setDependency)
                             00001cde                    : PWMTimerCC26XX.oem4f (.text:PWMTimerCC26XX_setDutyAndPeriod)
                             00001e34                    : UARTCC26XX.oem4f (.text:writeTxFifoFlush)
                             00001f72                    : UARTCC26XX.oem4f (.text:UARTCC26XX_writeCancel)
                             00001f88                    : UARTCC26XX.oem4f (.text:UARTCC26XX_writeCancel)
                             00001fbc                    : UARTCC26XX.oem4f (.text:UARTCC26XX_writeCancel)
                             0000202a                    : GPTimerCC26XX.oem4f (.text:GPTimerCC26XX_open)
                             00002046                    : GPTimerCC26XX.oem4f (.text:GPTimerCC26XX_open)
                             0000262a                    : ADCCC26XX.oem4f (.text:ADCCC26XX_open)
                             0000264e                    : ADCCC26XX.oem4f (.text:ADCCC26XX_open)
                             00002a3a                    : UARTCC26XX.oem4f (.text:UARTCC26XX_control)
                             00002d20                    : GPTimerCC26XX.oem4f (.text:GPTimerCC26XX_stop)
                             00002d2e                    : GPTimerCC26XX.oem4f (.text:GPTimerCC26XX_stop)
                             00002dc2                    : PowerCC26X2_calibrateRCOSC.oem4f (.text:PowerCC26X2_initiateCalibration)
                             00003110                    : GPTimerCC26XX.oem4f (.text:GPTimerCC26XX_start)
                             0000311c                    : GPTimerCC26XX.oem4f (.text:GPTimerCC26XX_start)
                             0000319a                    : UARTCC26XX.oem4f (.text:UARTCC26XX_readCancel)
                             000031ae                    : UARTCC26XX.oem4f (.text:UARTCC26XX_readCancel)
                             00003286                    : PINCC26XX.oem4f (.text:PIN_setOutputEnable)
                             0000334a                    : PowerCC26X2.oem4f (.text:switchXOSCHF)
                             000033d0                    : RingBuf.oem4f (.text:RingBuf_put)
                             000033fa                    : RingBuf.oem4f (.text:RingBuf_put)
                             00003436                    : ADC.oem4f (.text:ADC_init)
                             00003502                    : PWM.oem4f (.text:PWM_init)
                             00003526                    : TimerCC26XX.oem4f (.text:TimerCC26XX_start)
                             0000353e                    : TimerCC26XX.oem4f (.text:TimerCC26XX_start)
                             0000358a                    : Timer.oem4f (.text:Timer_init)
                             000035ce                    : UART.oem4f (.text:UART_init)
                             00003792                    : RingBuf.oem4f (.text:RingBuf_get)
                             0000379a                    : RingBuf.oem4f (.text:RingBuf_get)
                             0000390a                    : ADCCC26XX.oem4f (.text:ADCCC26XX_close)
                             00003b4c                    : TimerCC26XX.oem4f (.text:TimerCC26XX_stop)
                             00003bb6                    : GPIOCC26XX.oem4f (.text:GPIO_toggle)
                             00003e22                    : GPTimerCC26XX.oem4f (.text:GPTimerCC26XX_close)
                             00003e66                    : PWMTimerCC26XX.oem4f (.text:PWMTimerCC26XX_start)
                             00003eac                    : PowerCC26X2.oem4f (.text:Power_releaseConstraint)
                             00003edc                    : PowerCC26X2.oem4f (.text:Power_setConstraint)
                             00003fc4                    : PWMTimerCC26XX.oem4f (.text:PWMTimerCC26XX_close)
                             00003fde                    : PWMTimerCC26XX.oem4f (.text:PWMTimerCC26XX_stop)
                             0000416a                    : List.oem4f (.text:List_put)
                             00004190                    : List.oem4f (.text:List_remove)
                             00004328                    : PowerCC26X2.oem4f (.text:Power_unregisterNotify)
                             0000434e                    : UARTCC26XX.oem4f (.text:threadSafeStdbyDisRelease)
                             0000436e                    : UARTCC26XX.oem4f (.text:threadSafeStdbyDisSet)

[50 trampolines]
[139 trampoline calls]


GLOBAL SYMBOLS: SORTED ALPHABETICALLY BY Name 

address   name                                                               
-------   ----                                                               
000038e5  ADCCC26XX_close                                                    
000048b9  ADCCC26XX_control                                                  
00001255  ADCCC26XX_convert                                                  
00002769  ADCCC26XX_convertToMicroVolts                                      
[...]
1002ebb5  ti_sysbios_knl_Event_Params__init__S                               
1002ebc1  ti_sysbios_knl_Mailbox_Params__init__S                             
1002ebcd  ti_sysbios_knl_Queue_dequeue__E                                    
1002ebd9  ti_sysbios_knl_Queue_enqueue__E                                    
1002ebe5  ti_sysbios_knl_Semaphore_Params__init__S                           
1002ebf1  ti_sysbios_knl_Swi_Params__init__S                                 
1002ebfd  ti_sysbios_knl_Swi_self__E                                         
1002ec09  ti_sysbios_knl_Task_Params__init__S                                
1002ec15  ti_sysbios_hal_Hwi_Instance_finalize__E                            
1002ec1f  ti_sysbios_knl_Event_Instance_init__E                              
1002ec29  ti_sysbios_family_arm_m3_Hwi_doSwiRestore__I                       
1002ec31  ti_sysbios_family_arm_m3_Hwi_startup__E                            
1002ec31  ti_sysbios_hal_Hwi_HwiProxy_startup__E                             
1002ec31  ti_sysbios_hal_Hwi_HwiProxy_startup__E                             
1002ec31  ti_sysbios_hal_Hwi_startup__E                                      
1002ec31  ti_sysbios_hal_Hwi_startup__E                                      
1002ec39  ti_sysbios_knl_Idle_loop__E                                        
1002ec41  ti_sysbios_family_arm_m3_Hwi_doTaskRestore__I                      
1002ec47  HwiP_restore                                                       
1002ec47  ti_sysbios_family_arm_m3_Hwi_restoreFxn__E                         
1002ec4d  ti_sysbios_gates_GateHwi_leave__E                                  
1002ec53  ti_sysbios_gates_GateMutex_Instance_finalize__E                    
1002ec59  ti_sysbios_heaps_HeapMem_isBlocking__E                             
1002ec5f  ti_sysbios_knl_Queue_Instance_init__E                              
1002ec65  ti_sysbios_knl_Queue_elemClear__E                                  
1002ec6b  ti_sysbios_knl_Swi_startup__E                                      
1002ec71  ti_sysbios_knl_Task_enable__E                                      
1002ec77  ti_sysbios_BIOS_RtsGateProxy_enter__E                              
1002ec7b  ti_sysbios_BIOS_RtsGateProxy_leave__E                              
1002ec7f  ti_sysbios_family_arm_cc26xx_Timer_getExpiredTicks__E              
1002ec83  ti_sysbios_family_arm_cc26xx_Timer_getPeriod__E                    
1002ec87  ti_sysbios_family_arm_cc26xx_Timer_setPeriod__E                    
1002ec8b  ti_sysbios_family_arm_m3_Hwi_delete                                
1002ec8f  ti_sysbios_family_arm_m3_TaskSupport_Module__startupDone__S        
1002ec8f  ti_sysbios_knl_Task_SupportProxy_Module__startupDone__S            
1002ec93  ti_sysbios_gates_GateHwi_query__E                                  
1002ec93  xdc_runtime_Main_Module_GateProxy_query__E                         
1002ec93  xdc_runtime_System_Module_GateProxy_query__E                       
1002ec93  xdc_runtime_System_Module_GateProxy_query__E                       
1002ec97  ti_sysbios_gates_GateMutex_delete                                  
1002ec9b  ti_sysbios_BIOS_RtsGateProxy_query__E                              
1002ec9b  ti_sysbios_BIOS_RtsGateProxy_query__E                              
1002ec9b  ti_sysbios_gates_GateMutex_query__E                                
1002ec9b  ti_sysbios_heaps_HeapMem_Module_GateProxy_query__E                 
1002ec9b  ti_sysbios_heaps_HeapMem_Module_GateProxy_query__E                 
1002ec9f  ti_sysbios_hal_Hwi_HwiProxy_create                                 
1002eca3  ti_sysbios_hal_Hwi_HwiProxy_delete                                 
1002eca7  ti_sysbios_hal_Hwi_delete                                          
1002ecab  ti_sysbios_heaps_HeapMem_Module_GateProxy_enter__E                 
1002ecaf  ti_sysbios_heaps_HeapMem_Module_GateProxy_leave__E                 
1002ecb3  ti_sysbios_knl_Clock_TimerProxy_getExpiredTicks__E                 
1002ecb7  ti_sysbios_knl_Clock_TimerProxy_getPeriod__E                       
1002ecbb  ti_sysbios_knl_Clock_delete                                        
1002ecbf  ti_sysbios_knl_Clock_removeI__E                                    
1002ecc3  ti_sysbios_knl_Clock_setTimeout__E                                 
1002ecc7  ti_sysbios_knl_Event_delete                                        
1002eccb  ti_sysbios_knl_Mailbox_delete                                      
1002eccf  ti_sysbios_knl_Queue_delete                                        
1002ecd3  ti_sysbios_knl_Queue_head__E                                       
1002ecd7  ti_sysbios_knl_Queue_next__E                                       
1002ecdb  ti_sysbios_knl_Semaphore_delete                                    
1002ecdf  ti_sysbios_knl_Swi_delete                                          
1002ece3  ti_sysbios_knl_Swi_postInit__I                                     
1002ece7  ti_sysbios_knl_Task_delete                                         
1002eceb  ti_sysbios_knl_Task_startup__E                                     
1002ecf1  xdc_runtime_System_doPrint__I                                      
1002f055  xdc_runtime_Startup_startMods__I                                   
1002f15d  xdc_runtime_Text_putSite__E                                        
1002f1f7  xdc_runtime_Error_policySpin__E                                    
1002f1f9  xdc_runtime_Text_putMod__E                                         
1002f289  xdc_runtime_Memory_alloc__E                                        
1002f2f9  xdc_runtime_Core_createObject__I                                   
1002f367  xdc_runtime_Core_deleteObject__I                                   
1002f3c5  xdc_runtime_Text_putLab__E                                         
1002f421  xdc_runtime_Assert_raise__I                                        
1002f475  xdc_runtime_Startup_exec__E                                        
1002f4c9  xdc_runtime_Core_assignParams__I                                   
1002f511  xdc_runtime_Core_constructObject__I                                
1002f559  xdc_runtime_System_atexit__E                                       
1002f5a1  xdc_runtime_Text_xprintf__I                                        
1002f5e5  xdc_runtime_System_processAtExit__E                                
1002f625  xdc_runtime_System_putchar__I                                      
1002f659  xdc_runtime_Core_assignLabel__I                                    
1002f689  xdc_runtime_Text_printVisFxn__I                                    
1002f6b9  xdc_runtime_System_vprintf__E                                      
1002f6e5  xdc_runtime_Text_cordText__E                                       
1002f711  xdc_runtime_System_abort__E                                        
1002f739  xdc_runtime_Error_raiseX__E                                        
1002f759  xdc_runtime_Registry_findById__E                                   
1002f779  xdc_runtime_Error_check__E                                         
1002f795  xdc_runtime_Memory_valloc__E                                       
1002f7b1  xdc_runtime_System_exit__E                                         
1002f7cd  xdc_runtime_Text_ropeText__E                                       
1002f7e9  xdc_runtime_System_printf__E                                       
1002f803  xdc_runtime_Core_destructObject__I                                 
1002f81b  xdc_runtime_System_abortSpin__E                                    
1002f81d  xdc_runtime_Memory_free__E                                         
1002f831  xdc_runtime_Memory_getStats__E                                     
1002f845  xdc_runtime_SysCallback_abort__E                                   
1002f859  xdc_runtime_SysCallback_exit__E                                    
1002f86d  xdc_runtime_SysCallback_flush__E                                   
1002f881  xdc_runtime_SysCallback_putch__E                                   
1002f895  xdc_runtime_SysCallback_ready__E                                   
1002f8a9  xdc_runtime_Memory_getMaxDefaultTypeAlign__E                       
1002f8b9  xdc_runtime_System_vsnprintf__E                                    
1002f8c9  xdc_runtime_Timestamp_SupportProxy_get32__E                        
1002f8c9  xdc_runtime_Timestamp_SupportProxy_get32__E                        
1002f8c9  xdc_runtime_Timestamp_get32__E                                     
1002f8c9  xdc_runtime_Timestamp_get32__E                                     
1002f8d9  xdc_runtime_Memory_calloc__E                                       
1002f8e5  xdc_runtime_Startup_rtsDone__E                                     
1002f8f1  xdc_runtime_Memory_HeapProxy_alloc__E                              
1002f8fb  xdc_runtime_Memory_HeapProxy_free__E                               
1002f905  xdc_runtime_Memory_HeapProxy_getStats__E                           
1002f90f  xdc_runtime_Gate_leaveSystem__E                                    
1002f915  xdc_runtime_System_Module_startup__E                               
1002f91b  xdc_runtime_Gate_enterSystem__E                                    
1002f91f  xdc_runtime_SysCallback_Module__startupDone__S                     
1002f923  xdc_runtime_System_Module_GateProxy_enter__E                       
1002f927  xdc_runtime_System_Module_GateProxy_leave__E                       
1002f92b  xdc_runtime_System_printf_va__F                                    
1002f92f  xdc_runtime_System_exitSpin__E                                     
1002f931  ti_sysbios_family_arm_m3_Hwi_dispatch__I                           
1002fa11  ti_sysbios_family_arm_m3_Hwi_interruptsAreDisabledButShouldNotBe   
1002fa2d  ti_sysbios_family_arm_m3_TaskSupport_buildTaskStack                
1002fab9  ti_sysbios_family_arm_m3_Hwi_initStacks__E                         
1002fb11  ti_sysbios_family_arm_m3_Hwi_pendSV__I                             
1002fb35  ti_sysbios_family_arm_m3_Hwi_return                                
1002fb39  ti_sysbios_family_arm_m3_Hwi_excHandlerAsm__I                      
1002fb59  ti_sysbios_family_xxx_Hwi_switchAndRunFunc                         
1002fb77  ti_sysbios_family_arm_m3_TaskSupport_swap__E                       
1002fb77  ti_sysbios_knl_Task_SupportProxy_swap__E                           
1002fb77  ti_sysbios_knl_Task_SupportProxy_swap__E                           
1002fb83  ti_sysbios_knl_Task_swapReturn                                     
1002fb8f  ti_sysbios_family_arm_m3_TaskSupport_glue                          
1002fba0  ti_sysbios_knl_Task_Object__PARAMS__C                              
1002fbdc  ti_sysbios_knl_Mailbox_Object__PARAMS__C                           
1002fc10  ti_sysbios_family_arm_m3_Hwi_Object__PARAMS__C                     
1002fc40  ti_sysbios_hal_Hwi_Object__PARAMS__C                               
1002fc6c  ti_sysbios_knl_Swi_Object__PARAMS__C                               
1002fc94  ti_sysbios_heaps_HeapMem_Object__PARAMS__C                         
1002fcb8  ti_sysbios_knl_Clock_Object__PARAMS__C                             
1002fcdc  ti_sysbios_knl_Semaphore_Object__PARAMS__C                         
1002fd00  ti_sysbios_gates_GateHwi_Object__PARAMS__C                         
1002fd18  ti_sysbios_gates_GateMutex_Object__PARAMS__C                       
1002fd30  ti_sysbios_knl_Event_Object__PARAMS__C                             
1002fd48  ti_sysbios_knl_Queue_Object__PARAMS__C                             
1002fd80  ti_sysbios_heaps_HeapTrack_Object__PARAMS__C                       
1002fd9c  ti_sysbios_heaps_HeapTrack_Instance_State_trackQueue__O            
1002fda0  ti_sysbios_heaps_HeapTrack_Module__diagsEnabled__C                 
1002fda4  ti_sysbios_heaps_HeapTrack_Module__diagsIncluded__C                
1002fda8  ti_sysbios_heaps_HeapTrack_Module__diagsMask__C                    
1002fddb  strlen                                                             
20000000  __start___llvm_prf_cnts                                            
20000000  __stop___llvm_prf_cnts                                             
20000000  ti_sysbios_family_arm_m3_Hwi_ramVectors                            
20000100  xdcRomConstPtr                                                     
20000104  xdcRomExternFuncPtr                                                
20000108  xdcRomStatePtr                                                     
20000110  __primary_heap_start__                                             
20004110  __primary_heap_end__                                               
20004110  ti_sysbios_knl_Task_Instance_State_0_stack__A                      
20004310  ti_sysbios_knl_Task_Instance_State_1_stack__A                      
20004510  ti_sysbios_knl_Task_Instance_State_2_stack__A                      
20004710  ti_sysbios_knl_Task_Instance_State_3_stack__A                      
20004910  xdc_runtime_SysMin_Module_State_0_outbuf__A                        
20004b10  uartCC26XXObjects                                                  
20004cc4  __CIOBUF_                                                          
20004de4  ti_sysbios_family_arm_m3_Hwi_dispatchTable                         
20004ebc  gptimerCC26XXObjects                                               
20004f54  pinHandleTable                                                     
20004fd0  timerCC26XXObjects                                                 
2000516c  pwmTimerCC26XXObjects                                              
200051a8  semStruct                                                          
200051c4  semStruct2                                                         
200051e0  semStruct3                                                         
200051fc  adcCC26xxObjects                                                   
20005230  parmbuf                                                            
2000523c  PowerCC26XX_swiKey                                                 
20005240  PowerCC26XX_taskKey                                                
20005244  dutyCycle                                                          
20005248  res                                                                
2000524c  semHandle                                                          
20005250  semHandle2                                                         
20005254  semHandle3                                                         
20005258  adc_value                                                          
2000525a  driverlib_release_0_58048                                          
20005260  PowerCC26X2_module                                                 
200053d0  ti_sysbios_knl_Task_Object__table__V                               
20005500  ROM_stateStruct                                                    
20005500  ti_sysbios_knl_Clock_Module__state__V                              
2000552c  ti_sysbios_family_arm_cc26xx_TimestampProvider_Module__state__V    
20005530  xdc_runtime_Startup_Module__state__V                               
20005538  xdc_runtime_Registry_Module__state__V                              
20005540  ti_sysbios_BIOS_Module__state__V                                   
20005564  ti_sysbios_knl_Swi_Module__state__V                                
20005580  ti_sysbios_knl_Task_Module__state__V                               
200055c4  xdc_runtime_Memory_Module__state__V                                
200055c8  xdc_runtime_System_Module__state__V                                
200055d0  ti_sysbios_family_arm_m3_Hwi_Module__state__V                      
20005604  ti_sysbios_family_arm_cc26xx_Timer_Module__state__V                
20005610  ti_sysbios_family_arm_cc26xx_Timer_Object__table__V                
20005658  ti_sysbios_gates_GateMutex_Object__table__V                        
20005690  ti_sysbios_knl_Swi_Module_State_0_readyQ__A                        
200056c0  ti_sysbios_knl_Swi_Object__table__V                                
200056f0  _hposcCoeffs                                                       
20005714  ti_sysbios_knl_Clock_Object__table__V                              
20005734  ti_sysbios_knl_Task_Module_State_0_readyQ__A                       
20005754  xdc_runtime_Error_IgnoreBlock                                      
20005774  ti_sysbios_family_arm_m3_Hwi_Object__table__V                      
2000578c  ti_sysbios_heaps_HeapMem_Object__table__V                          
200057a4  uart_val                                                           
200057b4  xdc_runtime_SysMin_Module__state__V                                
200057c0  _lock                                                              
200057c4  _unlock                                                            
200057c8  tickCount                                                          
200057cc  uart_length                                                        
200057d0  pinUpperBound                                                      
200057d4  pinLowerBound                                                      
200057d8  ti_sysbios_family_arm_m3_Hwi_Module__root__V                       
200057e0  ti_sysbios_gates_GateHwi_Module__root__V                           
200057e8  ti_sysbios_gates_GateMutex_Module__root__V                         
200057f0  ti_sysbios_hal_Hwi_Module__root__V                                 
200057f8  ti_sysbios_heaps_HeapMem_Module__root__V                           
20005800  ti_sysbios_knl_Clock_Module__root__V                               
20005808  ti_sysbios_knl_Event_Module__root__V                               
20005810  ti_sysbios_knl_Mailbox_Module__root__V                             
20005818  ti_sysbios_knl_Queue_Module__root__V                               
20005820  ti_sysbios_knl_Semaphore_Module__root__V                           
20005828  ti_sysbios_knl_Swi_Module__root__V                                 
20005830  ti_sysbios_knl_Task_Module__root__V                                
20005838  xdc_runtime_System_Module_State_0_atexitHandlers__A                
20005846  ti_sysbios_family_arm_m3_Hwi_Module_State_0_excActive__A           
20005848  gpioCallbackFunctions                                              
2000584c  gpioPinConfigs                                                     
20005854  main_func_sp                                                       
20005858  ti_sysbios_family_arm_m3_Hwi_Module_State_0_excContext__A          
2000585c  ti_sysbios_family_arm_m3_Hwi_Module_State_0_excStack__A            
20005860  ti_sysbios_knl_Task_Module_State_0_idleTask__A                     
20013c00  __stack                                                            
20014000  __STACK_END                                                        
e000e000  ti_sysbios_family_arm_m3_Hwi_nvic                                  
ffffffff  __TI_pprof_out_hndl                                                
ffffffff  __TI_prof_data_size                                                
ffffffff  __TI_prof_data_start                                               
ffffffff  __binit__                                                          
ffffffff  __c_args__                                                         
ffffffff  binit                                                              
UNDEFED   ITM_flush                                                          
UNDEFED   ITM_restore                                                        
UNDEFED   SHT$$INIT_ARRAY$$Base                                              
UNDEFED   SHT$$INIT_ARRAY$$Limit                                             

[937 symbols]
